Archive member included to satisfy reference by file (symbol)

..\dependencies\rodos\build\librodos.a(genericIO.cpp.obj)
                              build/hello_motor.o (RODOS::GenericIOInterface::GenericIOInterface())
..\dependencies\rodos\build\librodos.a(globalobjects.cpp.obj)
                              build/hello_motor.o (RODOS::Thread::threadList)
..\dependencies\rodos\build\librodos.a(listelement.cpp.obj)
                              build/hello_motor.o (RODOS::ListElement::ListElement(RODOS::ListElement*&, char const*, void*))
..\dependencies\rodos\build\librodos.a(misc-rodos-funcs.cpp.obj)
                              ..\dependencies\rodos\build\librodos.a(listelement.cpp.obj) (RODOS::isSchedulerRunning())
..\dependencies\rodos\build\librodos.a(rodos-debug.cpp.obj)
                              build/hello_motor.o (RODOS::PRINTF(char const*, ...))
..\dependencies\rodos\build\librodos.a(string_pico.cpp.obj)
                              build/hello_motor.o (operator delete(void*))
..\dependencies\rodos\build\librodos.a(thread.cpp.obj)
                              ..\dependencies\rodos\build\librodos.a(misc-rodos-funcs.cpp.obj) (RODOS::schedulerRunning)
..\dependencies\rodos\build\librodos.a(timemodel.cpp.obj)
                              ..\dependencies\rodos\build\librodos.a(misc-rodos-funcs.cpp.obj) (RODOS::TimeModel::getNanoseconds())
..\dependencies\rodos\build\librodos.a(yprintf.cpp.obj)
                              ..\dependencies\rodos\build\librodos.a(rodos-debug.cpp.obj) (RODOS::Yprintf::vaprintf(char const*))
..\dependencies\rodos\build\librodos.a(hal_gpio.cpp.obj)
                              build/hello_motor.o (vtable for RODOS::HAL_GPIO)
..\dependencies\rodos\build\librodos.a(hal_pwm.cpp.obj)
                              build/hello_motor.o (RODOS::HAL_PWM::setIdx(RODOS::PWM_IDX))
..\dependencies\rodos\build\librodos.a(hostinfos.cpp.obj)
                              ..\dependencies\rodos\build\librodos.a(misc-rodos-funcs.cpp.obj) (RODOS::getMaxIdleCntPerSecond())
..\dependencies\rodos\build\librodos.a(hw_specific.cpp.obj)
                              ..\dependencies\rodos\build\librodos.a(genericIO.cpp.obj) (RODOS::hwDisableInterrupts())
..\dependencies\rodos\build\librodos.a(hw_timer.cpp.obj)
                              ..\dependencies\rodos\build\librodos.a(hw_specific.cpp.obj) (RODOS::nanoTime)
..\dependencies\rodos\build\librodos.a(syscalls.cpp.obj)
                              ..\dependencies\rodos\build\librodos.a(rodos-debug.cpp.obj) (putchar)
..\dependencies\rodos\build\librodos.a(system_stm32f4xx.c.obj)
                              ..\dependencies\rodos\build\librodos.a(hw_timer.cpp.obj) (SystemCoreClock)
..\dependencies\rodos\build\librodos.a(rodos-semaphore.cpp.obj)
                              ..\dependencies\rodos\build\librodos.a(rodos-debug.cpp.obj) (RODOS::Semaphore::Semaphore())
..\dependencies\rodos\build\librodos.a(scheduler.cpp.obj)
                              ..\dependencies\rodos\build\librodos.a(hw_timer.cpp.obj) (RODOS::isSchedulingEnabled)
..\dependencies\rodos\build\librodos.a(thread_on_hw.cpp.obj)
                              build/hello_motor.o (RODOS::Thread::~Thread())
..\dependencies\rodos\build\librodos.a(stm32f4xx_dbgmcu.c.obj)
                              ..\dependencies\rodos\build\librodos.a(hw_specific.cpp.obj) (DBGMCU_Config)
..\dependencies\rodos\build\librodos.a(stm32f4xx_exti.c.obj)
                              ..\dependencies\rodos\build\librodos.a(hw_specific.cpp.obj) (EXTI_Init)
..\dependencies\rodos\build\librodos.a(stm32f4xx_gpio.c.obj)
                              ..\dependencies\rodos\build\librodos.a(hal_gpio.cpp.obj) (GPIO_Init)
..\dependencies\rodos\build\librodos.a(stm32f4xx_iwdg.c.obj)
                              ..\dependencies\rodos\build\librodos.a(hw_specific.cpp.obj) (IWDG_WriteAccessCmd)
..\dependencies\rodos\build\librodos.a(stm32f4xx_misc.c.obj)
                              ..\dependencies\rodos\build\librodos.a(hw_specific.cpp.obj) (NVIC_Init)
..\dependencies\rodos\build\librodos.a(stm32f4xx_pwr.c.obj)
                              ..\dependencies\rodos\build\librodos.a(hw_specific.cpp.obj) (PWR_BackupAccessCmd)
..\dependencies\rodos\build\librodos.a(stm32f4xx_rcc.c.obj)
                              ..\dependencies\rodos\build\librodos.a(hw_specific.cpp.obj) (RCC_GetFlagStatus)
..\dependencies\rodos\build\librodos.a(stm32f4xx_rtc.c.obj)
                              ..\dependencies\rodos\build\librodos.a(hw_specific.cpp.obj) (RTC_WaitForSynchro)
..\dependencies\rodos\build\librodos.a(stm32f4xx_syscfg.c.obj)
                              ..\dependencies\rodos\build\librodos.a(hal_gpio.cpp.obj) (SYSCFG_EXTILineConfig)
..\dependencies\rodos\build\librodos.a(stm32f4xx_tim.c.obj)
                              ..\dependencies\rodos\build\librodos.a(hal_pwm.cpp.obj) (TIM_DeInit)
..\dependencies\rodos\build\librodos.a(call_constructors.c.obj)
[...]
Memory Configuration

Name             Origin             Length             Attributes
FLASH            0x08000000         0x00100000         xr
RAM              0x20000000         0x00020000         xrw
CCMRAM           0x10000000         0x00010000         xrw
MEMORY_B1        0x60000000         0x00000000         xr
*default*        0x00000000         0xffffffff

Linker script and memory map

LOAD build/hello_motor.o
LOAD c:/users/dell/desktop/python programs/floatsat/floatsat/codes/obc/dependencies/add2path/gcc-arm-none-eabi/bin/../lib/gcc/arm-none-eabi/8.3.1/../../../../arm-none-eabi/lib/thumb/v7e-m/nofp\libm.a
LOAD ..\dependencies\rodos\build\librodos.a
                0x20020000                _estack = 0x20020000
                0x00001000                _Min_Heap_Size = 0x1000
                0x00000400                _Min_Stack_Size = 0x400

.isr_vector     0x08000000      0x18c
                0x08000000                . = ALIGN (0x4)
                0x08000000                _image_address = .
 *(.isr_vector)
 .isr_vector    0x08000000      0x18c ..\dependencies\rodos\build\librodos.a(startup_stm32f4xx.S.obj)
                0x08000000                g_pfnVectors
                0x0800018c                . = ALIGN (0x4)

.text           0x08000190    0x11500
                0x08000190                . = ALIGN (0x4)
 *(.text)
 .text          0x08000190      0x1fc ..\dependencies\rodos\build\librodos.a(genericIO.cpp.obj)
                0x08000190                RODOS::GenericIOInterface::GenericIOInterface()
                0x08000190                RODOS::GenericIOInterface::GenericIOInterface()
                0x080001c8                RODOS::GenericIOInterface::suspendUntilReadFinished(long long)
                0x08000214                RODOS::GenericIOInterface::suspendUntilWriteFinished(long long)
                0x08000260                RODOS::GenericIOInterface::suspendUntilDataReady(long long)
                0x080002ac                RODOS::GenericIOInterface::upCallWriteFinished()
                0x080002ec                RODOS::GenericIOInterface::upCallReadFinished()
                0x0800032e                RODOS::GenericIOInterface::upCallDataReady()
                0x08000370                RODOS::GenericIOInterface::setIoEventReceiver(RODOS::IOEventReceiver*)
 .text          0x0800038c       0x3c ..\dependencies\rodos\build\librodos.a(globalobjects.cpp.obj)
 .text          0x080003c8       0xd4 ..\dependencies\rodos\build\librodos.a(listelement.cpp.obj)
                0x080003c8                RODOS::ListElement::ListElement(RODOS::ListElement*&, char const*, void*)
                0x080003c8                RODOS::ListElement::ListElement(RODOS::ListElement*&, char const*, void*)
                0x08000410                RODOS::ListElement::append(RODOS::ListElement*&)
                0x08000444                RODOS::ListElement::~ListElement()
                0x08000444                RODOS::ListElement::~ListElement()
                0x0800047c                RODOS::ListElement::~ListElement()
 *fill*         0x0800049c        0x4 
 .text          0x080004a0      0x1d0 ..\dependencies\rodos\build\librodos.a(misc-rodos-funcs.cpp.obj)
                0x080004a0                RODOS::isSchedulerRunning()
                0x080004b8                RODOS::xmalloc(unsigned int)
                0x0800053c                RODOS::nop(...)
                0x0800054a                RODOS::getCpuLoad()
 .text          0x08000670      0x348 ..\dependencies\rodos\build\librodos.a(rodos-debug.cpp.obj)
                0x08000670                RODOS::PRINTF(char const*, ...)
                0x080006e4                RODOS::PRINTF_CONDITIONAL(unsigned long, char const*, ...)
                0x08000770                RODOS::RODOS_ERROR(char const*)
                0x080007c0                RODOS::printCharsHex(char const*, void*, unsigned int)
                0x08000818                RODOS::printCharsHex_Conditional(unsigned long, char const*, void*, unsigned int)
                0x0800084c                RODOS::formatBinary(unsigned long, unsigned int, char*)
                0x080008ae                RODOS::vsnprintf(char*, unsigned int, char const*, std::__va_list)
                0x08000920                RODOS::SNPRINTF(char*, unsigned int, char const*, ...)
                0x08000950                RODOS::SPRINTF(char*, char const*, ...)
 .text          0x080009b8      0x42c ..\dependencies\rodos\build\librodos.a(string_pico.cpp.obj)
                0x080009b8                RODOS::strlen(char const*)
                0x080009f2                RODOS::strnlen(char const*, unsigned int)
                0x08000a38                RODOS::strcpy(char*, char const*)
                0x08000a88                RODOS::strstr(char const*, char const*)
                0x08000b08                RODOS::strchr(char const*, int)
                0x08000b4c                RODOS::memset(void*, char, unsigned int)
                0x08000b90                RODOS::memcpy(void*, void const*, unsigned int)
                0x08000be4                RODOS::memcmp(void const*, void const*, unsigned int)
                0x08000c42                RODOS::strncpy(char*, char const*, unsigned int)
                0x08000ca2                RODOS::strcpyXXXX(char*, char const*)
                0x08000cca                RODOS::strcmp(char const*, char const*)
                0x08000d38                RODOS::strncmp(char const*, char const*, unsigned int)
                0x08000db8                operator delete(void*)
                0x08000dcc                operator delete(void*, unsigned int)
 .text          0x08000de4       0xe0 ..\dependencies\rodos\build\librodos.a(thread.cpp.obj)
                0x08000de4                RODOS::Thread::setPeriodicBeat(long long, long long)
                0x08000e0e                RODOS::Thread::suspendUntilNextBeat()
                0x08000e80                RODOS::Thread::setPrioCurrentRunner(long)
 *fill*         0x08000ec4        0x4 
 .text          0x08000ec8      0xe60 ..\dependencies\rodos\build\librodos.a(timemodel.cpp.obj)
                0x08000ec8                RODOS::TimeModel::TimeModel()
                0x08000ec8                RODOS::TimeModel::TimeModel()
                0x08000f0c                RODOS::TimeModel::getNanoseconds()
                0x08000f1e                RODOS::TimeModel::getUTC()
                0x08000f46                RODOS::TimeModel::setDrift(double)
                0x08000f72                RODOS::TimeModel::setClockOffset(long long, long long)
                0x08000f9c                RODOS::TimeModel::setUTC(long long)
                0x08000fd6                RODOS::TimeModel::setUTCDeltaTime(long long)
                0x08001002                RODOS::TimeModel::getUTCDeltaTime()
                0x0800101c                RODOS::TimeModel::correctUTCDelta(long long)
                0x08001054                RODOS::TimeModel::localTime2UTC(long long)
                0x080010e4                RODOS::TimeModel::UTC2LocalTime(long long)
                0x0800119c                RODOS::TimeModel::localTime2Calendar(long long, long&, long&, long&, long&, long&, double&)
                0x0800140c                RODOS::TimeModel::localTime2mjd_UTC(long long const&)
                0x08001460                RODOS::TimeModel::calendar2LocalTime(long, long, long, long, long, double)
                0x0800156c                RODOS::TimeModel::calendar2mjd_UTC(unsigned short const&, unsigned char const&, unsigned char const&, unsigned char const&, unsigned char const&, double const&)
                0x08001720                RODOS::TimeModel::mjd_UTC2calendar(double const&, unsigned short&, unsigned char&, unsigned char&, unsigned char&, unsigned char&, double&)
                0x08001a78                RODOS::TimeModel::mjd_UT1fromUTC(double const&, double const&)
                0x08001ac0                RODOS::TimeModel::mjd_TTfromUT1(double const&, double const&, double const&)
                0x08001b30                RODOS::TimeModel::computeNextBeat(long long, long long, long long)
                0x08001c50                RODOS::TimeModel::splitTimeECSS(long long, unsigned long&, unsigned long&)
 .text          0x08001d28      0x998 ..\dependencies\rodos\build\librodos.a(yprintf.cpp.obj)
                0x08001d28                RODOS::Yprintf::vaprintf(char const*)
                0x0800263c                RODOS::xprintf(char const*, ...)
                0x08002680                RODOS::xsprintf(char*, char const*, ...)
 .text          0x080026c0      0xbb8 ..\dependencies\rodos\build\librodos.a(hal_gpio.cpp.obj)
                0x0800272c                RODOS::initEXTInterrupts()
                0x08002780                RODOS::HW_HAL_GPIO::HW_HAL_GPIO(RODOS::GPIO_PIN, unsigned char, bool)
                0x08002780                RODOS::HW_HAL_GPIO::HW_HAL_GPIO(RODOS::GPIO_PIN, unsigned char, bool)
                0x080027f8                RODOS::HW_HAL_GPIO::setPinMask()
                0x08002872                RODOS::HW_HAL_GPIO::EXTIRQHandler()
                0x080028c0                RODOS::HW_HAL_GPIO::getGPIO_PinSource(unsigned long)
                0x080028f8                RODOS::HW_HAL_GPIO::getRCC_APB1Periph_GPIOx(GPIO_TypeDef*)
                0x080029cc                RODOS::HW_HAL_GPIO::getSTM32Port(RODOS::GPIO_PIN)
                0x08002a74                RODOS::HW_HAL_GPIO::getSTM32Pin(RODOS::GPIO_PIN)
                0x08002a98                RODOS::HW_HAL_GPIO::configureAFPin(RODOS::GPIO_PIN, unsigned char)
                0x08002b36                RODOS::HW_HAL_GPIO::resetPin(RODOS::GPIO_PIN)
                0x08002b94                RODOS::HAL_GPIO::HAL_GPIO(RODOS::GPIO_PIN)
                0x08002b94                RODOS::HAL_GPIO::HAL_GPIO(RODOS::GPIO_PIN)
                0x08002bf0                RODOS::HAL_GPIO::setPinNumber(RODOS::GPIO_PIN)
                0x08002c38                RODOS::HAL_GPIO::init(bool, unsigned char, unsigned long)
                0x08002cc6                RODOS::HAL_GPIO::config(RODOS::GPIO_CFG_TYPE, unsigned long)
                0x08002e20                RODOS::HAL_GPIO::reset()
                0x08002e46                RODOS::HAL_GPIO::setPins(unsigned long)
                0x08002ed6                RODOS::HAL_GPIO::readPins()
                0x08002f4e                RODOS::HAL_GPIO::isDataReady()
                0x08002f68                RODOS::HAL_GPIO::interruptEnable(bool)
                0x080030e8                RODOS::HAL_GPIO::resetInterruptEventStatus()
                0x08003104                EXTI0_IRQHandler
                0x08003128                EXTI1_IRQHandler
                0x0800314c                EXTI2_IRQHandler
                0x08003170                EXTI3_IRQHandler
                0x08003194                EXTI4_IRQHandler
                0x080031b8                EXTI9_5_IRQHandler
                0x08003218                EXTI15_10_IRQHandler
 .text          0x08003278      0xdb8 ..\dependencies\rodos\build\librodos.a(hal_pwm.cpp.obj)
                0x08003278                RODOS::HAL_PWM::HAL_PWM(RODOS::PWM_IDX)
                0x08003278                RODOS::HAL_PWM::HAL_PWM(RODOS::PWM_IDX)
                0x080032c0                RODOS::HAL_PWM::setIdx(RODOS::PWM_IDX)
                0x080032f4                RODOS::HAL_PWM::init(unsigned long, unsigned long)
                0x08003980                RODOS::HAL_PWM::config(RODOS::PWM_PARAMETER_TYPE, long)
                0x08003a44                RODOS::HAL_PWM::reset()
                0x08003c90                RODOS::HAL_PWM::write(unsigned long)
                0x08003e14                RODOS::HW_HAL_PWM::HW_HAL_PWM(RODOS::PWM_IDX)
                0x08003e14                RODOS::HW_HAL_PWM::HW_HAL_PWM(RODOS::PWM_IDX)
                0x08003eec                RODOS::HW_HAL_PWM::updateSettings()
 .text          0x08004030       0x7c ..\dependencies\rodos\build\librodos.a(hostinfos.cpp.obj)
                0x08004030                RODOS::getIsHostBigEndian()
                0x08004048                RODOS::getSpeedKiloLoopsPerSecond()
                0x0800405a                RODOS::getMaxIdleCntPerSecond()
                0x08004070                RODOS::getYieldTimeOverhead()
                0x08004082                RODOS::getHostCpuArch()
                0x08004098                RODOS::getHostBasisOS()
 *fill*         0x080040ac        0x4 
 .text          0x080040b0      0x6a0 ..\dependencies\rodos\build\librodos.a(hw_specific.cpp.obj)
                0x0800410c                RODOS::hwInit()
                0x08004236                RODOS::hwResetAndReboot()
                0x0800424c                RODOS::hwDisableInterrupts()
                0x0800425c                RODOS::hwEnableInterrupts()
                0x0800426c                SVC_Handler
                0x0800427e                PendSV_Handler
                0x080042b6                RODOS::hwInitWatchdog(long)
                0x08004378                RODOS::hwTriggerWatchdog()
                0x08004384                TIM5_ISR4LSI
                0x08004408                TIM5_ISR_USER
                0x08004416                TIM5_IRQHandler
                0x08004558                RODOS::enterSleepMode()
                0x08004568                RODOS::deepSleepUntil(long long)
                0x0800468c                RTC_WKUP_IRQHandler
 .text          0x08004750      0x460 ..\dependencies\rodos\build\librodos.a(hw_timer.cpp.obj)
                0x08004818                SysTick_Handler
                0x080048fc                RODOS::Timer::init()
                0x08004948                RODOS::Timer::start()
                0x08004998                RODOS::Timer::stop()
                0x080049a4                RODOS::Timer::setInterval(long long)
                0x080049c8                TIM1_TRG_COM_TIM11_IRQHandler
                0x08004a04                RODOS::TIMx_init()
                0x08004ab8                RODOS::hwGetNanoseconds()
                0x08004b7c                RODOS::hwInitTime()
                0x08004b9c                RODOS::hwGetAbsoluteNanoseconds()
 .text          0x08004bb0      0x398 ..\dependencies\rodos\build\librodos.a(syscalls.cpp.obj)
                0x08004bb0                _close
                0x08004bc8                _execve
                0x08004bf0                _fork
                0x08004c0c                _fstat
                0x08004c2c                _getpid
                0x08004c3c                _isatty
                0x08004c52                _kill
                0x08004c78                _link
                0x08004c9c                _lseek
                0x08004cb6                _open
                0x08004cd2                _read
                0x08004cec                _sbrk
                0x08004d5c                _times
                0x08004d74                _unlink
                0x08004d98                _wait
                0x08004dbc                _write
                0x08004df6                _write_r
                0x08004e18                _sbrk_r
                0x08004e32                putchar
                0x08004ec4                puts
                0x08004ef2                abort
                0x08004ef8                RODOS::sp_partition_yield()
                0x08004f06                RODOS::FFLUSH()
                0x08004f14                RODOS::getCurrentIRQ()
                0x08004f30                UndefinedInterrupt_Handler
 .text          0x08004f48      0x340 ..\dependencies\rodos\build\librodos.a(system_stm32f4xx.c.obj)
                0x08004f48                SystemInit
                0x08004fc4                SystemCoreClockUpdate
 .text          0x08005288      0x1a8 ..\dependencies\rodos\build\librodos.a(rodos-semaphore.cpp.obj)
                0x08005288                RODOS::Semaphore::Semaphore()
                0x08005288                RODOS::Semaphore::Semaphore()
                0x080052b6                RODOS::Semaphore::enter()
                0x0800537c                RODOS::Semaphore::leave()
 .text          0x08005430      0x17c ..\dependencies\rodos\build\librodos.a(scheduler.cpp.obj)
                0x08005430                RODOS::globalAtomarLock()
                0x0800544c                RODOS::globalAtomarUnlock()
                0x08005468                schedulerWrapper
                0x08005488                RODOS::Scheduler::idle()
                0x080054c8                RODOS::Scheduler::schedule()
                0x0800554c                RODOS::Scheduler::getScheduleCounter()
 *fill*         0x080055ac        0x4 
 .text          0x080055b0      0x808 ..\dependencies\rodos\build\librodos.a(thread_on_hw.cpp.obj)
                0x080055b0                RODOS::Thread::Thread(char const*, long, unsigned int)
                0x080055b0                RODOS::Thread::Thread(char const*, long, unsigned int)
                0x08005660                RODOS::Thread::initializeStack()
                0x080056a8                RODOS::Thread::~Thread()
                0x080056a8                RODOS::Thread::~Thread()
                0x08005700                RODOS::Thread::~Thread()
                0x08005720                RODOS::Thread::create()
                0x08005734                RODOS::Thread::yield()
                0x080057a4                RODOS::Thread::activate()
                0x080057dc                RODOS::Thread::getPriority() const
                0x080057f4                RODOS::Thread::setPriority(long)
                0x08005810                RODOS::Thread::getCurrentThread()
                0x08005828                RODOS::Thread::resume()
                0x08005860                RODOS::Thread::suspendCallerUntil(long long, void*)
                0x080058c8                RODOS::Thread::initializeThreads()
                0x08005960                RODOS::Thread::startAllThreads()
                0x0800596e                RODOS::threadStartupWrapper(RODOS::Thread*)
                0x080059b0                RODOS::Thread::getScheduleCounter()
                0x080059c2                RODOS::IdleThread::run()
                0x08005a90                RODOS::IdleThread::init()
                0x08005aac                RODOS::Thread::findNextToRun(long long)
                0x08005c50                RODOS::Thread::findNextWaitingFor(void*)
                0x08005d00                RODOS::Thread::getMaxStackUsage()
 .text          0x08005db8       0xf4 ..\dependencies\rodos\build\librodos.a(stm32f4xx_dbgmcu.c.obj)
                0x08005db8                DBGMCU_GetREVID
                0x08005dd0                DBGMCU_GetDEVID
                0x08005dec                DBGMCU_Config
                0x08005e2c                DBGMCU_APB1PeriphConfig
                0x08005e6c                DBGMCU_APB2PeriphConfig
 .text          0x08005eac      0x210 ..\dependencies\rodos\build\librodos.a(stm32f4xx_exti.c.obj)
                0x08005eac                EXTI_DeInit
                0x08005ee0                EXTI_Init
                0x08005fc4                EXTI_StructInit
                0x08005ff0                EXTI_GenerateSWInterrupt
                0x08006014                EXTI_GetFlagStatus
                0x08006048                EXTI_ClearFlag
                0x08006068                EXTI_GetITStatus
                0x0800609c                EXTI_ClearITPendingBit
 .text          0x080060bc      0x4d4 ..\dependencies\rodos\build\librodos.a(stm32f4xx_gpio.c.obj)
                0x080060bc                GPIO_DeInit
                0x08006220                GPIO_Init
                0x0800633c                GPIO_StructInit
                0x08006370                GPIO_PinLockConfig
                0x080063b4                GPIO_ReadInputDataBit
                0x080063e8                GPIO_ReadInputData
                0x08006402                GPIO_ReadOutputDataBit
                0x08006436                GPIO_ReadOutputData
                0x08006450                GPIO_SetBits
                0x0800646e                GPIO_ResetBits
                0x0800648c                GPIO_WriteBit
                0x080064bc                GPIO_Write
                0x080064da                GPIO_ToggleBits
                0x080064fe                GPIO_PinAFConfig
 .text          0x08006590       0xd0 ..\dependencies\rodos\build\librodos.a(stm32f4xx_iwdg.c.obj)
                0x08006590                IWDG_WriteAccessCmd
                0x080065b0                IWDG_SetPrescaler
                0x080065d0                IWDG_SetReload
                0x080065f0                IWDG_ReloadCounter
                0x0800660c                IWDG_Enable
                0x08006628                IWDG_GetFlagStatus
 .text          0x08006660      0x194 ..\dependencies\rodos\build\librodos.a(stm32f4xx_misc.c.obj)
                0x08006660                NVIC_PriorityGroupConfig
                0x08006688                NVIC_Init
                0x0800674c                NVIC_SetVectorTable
                0x08006778                NVIC_SystemLPConfig
                0x080067bc                SysTick_CLKSourceConfig
 .text          0x080067f4      0x310 ..\dependencies\rodos\build\librodos.a(stm32f4xx_pwr.c.obj)
                0x080067f4                PWR_DeInit
                0x08006810                PWR_BackupAccessCmd
                0x08006830                PWR_PVDLevelConfig
                0x08006868                PWR_PVDCmd
                0x08006888                PWR_WakeUpPinCmd
                0x080068a8                PWR_BackupRegulatorCmd
                0x080068c8                PWR_MainRegulatorModeConfig
                0x08006900                PWR_OverDriveCmd
                0x08006920                PWR_OverDriveSWCmd
                0x08006940                PWR_UnderDriveCmd
                0x0800697c                PWR_FlashPowerDownCmd
                0x0800699c                PWR_EnterSTOPMode
                0x08006a04                PWR_EnterUnderDriveSTOPMode
                0x08006a6c                PWR_EnterSTANDBYMode
                0x08006aa8                PWR_GetFlagStatus
                0x08006adc                PWR_ClearFlag
 .text          0x08006b04      0xca8 ..\dependencies\rodos\build\librodos.a(stm32f4xx_rcc.c.obj)
                0x08006b04                RCC_DeInit
                0x08006b74                RCC_HSEConfig
                0x08006b9c                RCC_WaitForHSEStartUp
                0x08006bec                RCC_AdjustHSICalibrationValue
                0x08006c28                RCC_HSICmd
                0x08006c48                RCC_LSEConfig
                0x08006c8c                RCC_LSICmd
                0x08006cac                RCC_PLLConfig
                0x08006cec                RCC_PLLCmd
                0x08006d0c                RCC_PLLI2SConfig
                0x08006d38                RCC_PLLI2SCmd
                0x08006d58                RCC_PLLSAIConfig
                0x08006d8c                RCC_PLLSAICmd
                0x08006dac                RCC_ClockSecuritySystemCmd
                0x08006dcc                RCC_MCO1Config
                0x08006e0c                RCC_MCO2Config
                0x08006e4c                RCC_SYSCLKConfig
                0x08006e84                RCC_GetSYSCLKSource
                0x08006ea4                RCC_HCLKConfig
                0x08006edc                RCC_PCLK1Config
                0x08006f14                RCC_PCLK2Config
                0x08006f50                RCC_GetClocksFreq
                0x080070a4                RCC_RTCCLKConfig
                0x08007100                RCC_RTCCLKCmd
                0x08007120                RCC_BackupResetCmd
                0x08007140                RCC_I2SCLKConfig
                0x08007160                RCC_SAIPLLI2SClkDivConfig
                0x080071a0                RCC_SAIPLLSAIClkDivConfig
                0x080071e0                RCC_SAIBlockACLKConfig
                0x0800721c                RCC_SAIBlockBCLKConfig
                0x08007258                RCC_LTDCCLKDivConfig
                0x08007294                RCC_TIMCLKPresConfig
                0x080072b4                RCC_AHB1PeriphClockCmd
                0x080072f4                RCC_AHB2PeriphClockCmd
                0x08007334                RCC_AHB3PeriphClockCmd
                0x08007374                RCC_APB1PeriphClockCmd
                0x080073b4                RCC_APB2PeriphClockCmd
                0x080073f4                RCC_AHB1PeriphResetCmd
                0x08007434                RCC_AHB2PeriphResetCmd
                0x08007474                RCC_AHB3PeriphResetCmd
                0x080074b4                RCC_APB1PeriphResetCmd
                0x080074f4                RCC_APB2PeriphResetCmd
                0x08007534                RCC_AHB1PeriphClockLPModeCmd
                0x08007574                RCC_AHB2PeriphClockLPModeCmd
                0x080075b4                RCC_AHB3PeriphClockLPModeCmd
                0x080075f4                RCC_APB1PeriphClockLPModeCmd
                0x08007634                RCC_APB2PeriphClockLPModeCmd
                0x08007674                RCC_ITConfig
                0x080076c0                RCC_GetFlagStatus
                0x08007734                RCC_ClearFlag
                0x08007754                RCC_GetITStatus
                0x0800778c                RCC_ClearITPendingBit
 .text          0x080077ac     0x1550 ..\dependencies\rodos\build\librodos.a(stm32f4xx_rtc.c.obj)
                0x080077ac                RTC_DeInit
                0x080078a0                RTC_Init
                0x08007918                RTC_StructInit
                0x0800793e                RTC_WriteProtectionCmd
                0x08007974                RTC_EnterInitMode
                0x080079e8                RTC_ExitInitMode
                0x08007a08                RTC_WaitForSynchro
                0x08007a80                RTC_RefClockCmd
                0x08007ae8                RTC_BypassShadowCmd
                0x08007b34                RTC_SetTime
                0x08007c48                RTC_TimeStructInit
                0x08007c74                RTC_GetTime
                0x08007d18                RTC_GetSubSecond
                0x08007d40                RTC_SetDate
                0x08007e60                RTC_DateStructInit
                0x08007e8c                RTC_GetDate
                0x08007f28                RTC_SetAlarm
                0x08008060                RTC_AlarmStructInit
                0x0800809e                RTC_GetAlarm
                0x08008180                RTC_AlarmCmd
                0x0800821c                RTC_AlarmSubSecondConfig
                0x0800826c                RTC_GetAlarmSubSecond
                0x080082a8                RTC_WakeUpClockConfig
                0x080082ec                RTC_SetWakeUpCounter
                0x0800831c                RTC_GetWakeUpCounter
                0x08008334                RTC_WakeUpCmd
                0x080083c8                RTC_DayLightSavingConfig
                0x08008410                RTC_GetStoreOperation
                0x0800842c                RTC_OutputConfig
                0x08008474                RTC_CoarseCalibConfig
                0x080084c4                RTC_CoarseCalibCmd
                0x0800852c                RTC_CalibOutputCmd
                0x08008578                RTC_CalibOutputConfig
                0x080085bc                RTC_SmoothCalibConfig
                0x08008640                RTC_TimeStampCmd
                0x080086a4                RTC_GetTimeStamp
                0x080087c4                RTC_GetTimeStampSubSecond
                0x080087dc                RTC_TamperTriggerConfig
                0x0800881c                RTC_TamperCmd
                0x0800885c                RTC_TamperFilterConfig
                0x0800888c                RTC_TamperSamplingFreqConfig
                0x080088bc                RTC_TamperPinsPrechargeDuration
                0x080088ec                RTC_TimeStampOnTamperDetectionCmd
                0x08008928                RTC_TamperPullUpCmd
                0x08008964                RTC_WriteBackupRegister
                0x08008998                RTC_ReadBackupRegister
                0x080089c8                RTC_TamperPinSelection
                0x080089f8                RTC_TimeStampPinSelection
                0x08008a28                RTC_OutputTypeConfig
                0x08008a58                RTC_SynchroShiftConfig
                0x08008af4                RTC_ITConfig
                0x08008b70                RTC_GetFlagStatus
                0x08008bb4                RTC_ClearFlag
                0x08008be4                RTC_GetITStatus
                0x08008c4c                RTC_ClearITPendingBit
 .text          0x08008cfc      0x154 ..\dependencies\rodos\build\librodos.a(stm32f4xx_syscfg.c.obj)
                0x08008cfc                SYSCFG_DeInit
                0x08008d18                SYSCFG_MemoryRemapConfig
                0x08008d38                SYSCFG_MemorySwappingBank
                0x08008d58                SYSCFG_EXTILineConfig
                0x08008ddc                SYSCFG_ETH_MediaInterfaceConfig
                0x08008dfc                SYSCFG_CompensationCellCmd
                0x08008e1c                SYSCFG_GetCompensationCellStatus
 .text          0x08008e50     0x1c18 ..\dependencies\rodos\build\librodos.a(stm32f4xx_tim.c.obj)
                0x08008e50                TIM_DeInit
                0x08009010                TIM_TimeBaseInit
                0x080090e8                TIM_TimeBaseStructInit
                0x0800911c                TIM_PrescalerConfig
                0x08009144                TIM_CounterModeConfig
                0x0800917c                TIM_SetCounter
                0x08009198                TIM_SetAutoreload
                0x080091b4                TIM_GetCounter
                0x080091cc                TIM_GetPrescaler
                0x080091e6                TIM_UpdateDisableConfig
                0x08009226                TIM_UpdateRequestConfig
                0x08009266                TIM_ARRPreloadConfig
                0x080092a6                TIM_SelectOnePulseMode
                0x080092de                TIM_SetClockDivision
                0x08009316                TIM_Cmd
                0x08009356                TIM_OC1Init
                0x0800944c                TIM_OC2Init
                0x0800955c                TIM_OC3Init
                0x08009668                TIM_OC4Init
                0x08009738                TIM_OCStructInit
                0x0800977c                TIM_SelectOCxM
                0x08009830                TIM_SetCompare1
                0x0800984c                TIM_SetCompare2
                0x08009868                TIM_SetCompare3
                0x08009884                TIM_SetCompare4
                0x080098a0                TIM_ForcedOC1Config
                0x080098d8                TIM_ForcedOC2Config
                0x08009914                TIM_ForcedOC3Config
                0x0800994c                TIM_ForcedOC4Config
                0x08009988                TIM_OC1PreloadConfig
                0x080099c0                TIM_OC2PreloadConfig
                0x080099fc                TIM_OC3PreloadConfig
                0x08009a34                TIM_OC4PreloadConfig
                0x08009a70                TIM_OC1FastConfig
                0x08009aa8                TIM_OC2FastConfig
                0x08009ae4                TIM_OC3FastConfig
                0x08009b1c                TIM_OC4FastConfig
                0x08009b58                TIM_ClearOC1Ref
                0x08009b90                TIM_ClearOC2Ref
                0x08009bcc                TIM_ClearOC3Ref
                0x08009c04                TIM_ClearOC4Ref
                0x08009c40                TIM_OC1PolarityConfig
                0x08009c78                TIM_OC1NPolarityConfig
                0x08009cb0                TIM_OC2PolarityConfig
                0x08009cec                TIM_OC2NPolarityConfig
                0x08009d28                TIM_OC3PolarityConfig
                0x08009d64                TIM_OC3NPolarityConfig
                0x08009da0                TIM_OC4PolarityConfig
                0x08009ddc                TIM_CCxCmd
                0x08009e32                TIM_CCxNCmd
                0x08009e88                TIM_ICInit
                0x08009f30                TIM_ICStructInit
                0x08009f62                TIM_PWMIConfig
                0x0800a01a                TIM_GetCapture1
                0x0800a032                TIM_GetCapture2
                0x0800a04a                TIM_GetCapture3
                0x0800a062                TIM_GetCapture4
                0x0800a07a                TIM_SetIC1Prescaler
                0x0800a0b2                TIM_SetIC2Prescaler
                0x0800a0ee                TIM_SetIC3Prescaler
                0x0800a126                TIM_SetIC4Prescaler
                0x0800a162                TIM_BDTRConfig
                0x0800a1b2                TIM_BDTRStructInit
                0x0800a1f0                TIM_CtrlPWMOutputs
                0x0800a23c                TIM_SelectCOM
                0x0800a27c                TIM_CCPreloadControl
                0x0800a2bc                TIM_ITConfig
                0x0800a304                TIM_GenerateEvent
                0x0800a322                TIM_GetFlagStatus
                0x0800a35a                TIM_ClearFlag
                0x0800a37c                TIM_GetITStatus
                0x0800a3d0                TIM_ClearITPendingBit
                0x0800a3f2                TIM_DMAConfig
                0x0800a41c                TIM_DMACmd
                0x0800a464                TIM_SelectCCDMA
                0x0800a4a4                TIM_InternalClockConfig
                0x0800a4c8                TIM_ITRxExternalClockConfig
                0x0800a4f6                TIM_TIxExternalClockConfig
                0x0800a552                TIM_ETRClockMode1Config
                0x0800a5b0                TIM_ETRClockMode2Config
                0x0800a5ee                TIM_SelectInputTrigger
                0x0800a626                TIM_SelectOutputTrigger
                0x0800a65e                TIM_SelectSlaveMode
                0x0800a696                TIM_SelectMasterSlaveMode
                0x0800a6ce                TIM_ETRConfig
                0x0800a722                TIM_EncoderInterfaceConfig
                0x0800a7ba                TIM_SelectHallSensor
                0x0800a7fa                TIM_RemapConfig
 .text          0x0800aa68       0xa8 ..\dependencies\rodos\build\librodos.a(call_constructors.c.obj)
                0x0800aa68                call_constructors
                0x0800aaac                __cxa_atexit
                0x0800aac6                __cxa_pure_virtual
                0x0800aacc                __cxa_guard_acquire
                0x0800aaf4                __cxa_guard_release
 .text          0x0800ab10       0x60 ..\dependencies\rodos\build\librodos.a(globaldata.cpp.obj)
                0x0800ab10                RODOS::getNodeNumber()
                0x0800ab28                RODOS::getNumberOfReceivedMsgsFromNetwork()
 .text          0x0800ab70      0x240 ..\dependencies\rodos\build\librodos.a(main.cpp.obj)
                0x0800ab70                RODOS::initSystem()
                0x0800ace4                main
 .text          0x0800adb0       0x14 ..\dependencies\rodos\build\librodos.a(main_usermain.cpp.obj)
                0x0800adb0                MAIN()
 .text          0x0800adc4      0x214 ..\dependencies\rodos\build\librodos.a(timeevent.cpp.obj)
                0x0800adc4                RODOS::TimeEvent::TimeEvent(char const*)
                0x0800adc4                RODOS::TimeEvent::TimeEvent(char const*)
                0x0800ae10                RODOS::TimeEvent::~TimeEvent()
                0x0800ae10                RODOS::TimeEvent::~TimeEvent()
                0x0800ae54                RODOS::TimeEvent::~TimeEvent()
                0x0800ae74                RODOS::TimeEvent::activateAt(long long)
                0x0800aea2                RODOS::TimeEvent::activatePeriodic(long long, long long)
                0x0800aecc                RODOS::TimeEvent::propagate(long long)
                0x0800af94                RODOS::TimeEvent::initAllElements()
 .text          0x0800afd8      0x438 ..\dependencies\rodos\build\librodos.a(topic.cpp.obj)
                0x0800afd8                RODOS::TopicInterface::TopicInterface(long long, unsigned int, char const*, bool)
                0x0800afd8                RODOS::TopicInterface::TopicInterface(long long, unsigned int, char const*, bool)
                0x0800b0a8                RODOS::TopicInterface::setTopicFilter(RODOS::TopicFilter*)
                0x0800b0e4                RODOS::TopicInterface::findTopicId(unsigned long)
                0x0800b120                RODOS::TopicInterface::publish(void*, bool, RODOS::NetMsgInfo*)
                0x0800b14e                RODOS::TopicInterface::publishMsgPart(void*, unsigned int, bool, RODOS::NetMsgInfo*)
                0x0800b27c                RODOS::TopicInterface::publishFromInterrupt(void*, unsigned int)
 .text          0x0800b410     0x1674 ..\dependencies\rodos\build\librodos.a(hal_uart.cpp.obj)
                0x0800b4b4                RODOS::ReceiveTrigger::run()
                0x0800b574                RODOS::HAL_UART::HAL_UART(RODOS::UART_IDX, RODOS::GPIO_PIN, RODOS::GPIO_PIN, RODOS::GPIO_PIN, RODOS::GPIO_PIN)
                0x0800b574                RODOS::HAL_UART::HAL_UART(RODOS::UART_IDX, RODOS::GPIO_PIN, RODOS::GPIO_PIN, RODOS::GPIO_PIN, RODOS::GPIO_PIN)
                0x0800b600                RODOS::HAL_UART::HAL_UART(RODOS::UART_IDX)
                0x0800b600                RODOS::HAL_UART::HAL_UART(RODOS::UART_IDX)
                0x0800b77c                USART1_IRQHandler
                0x0800b794                USART2_IRQHandler
                0x0800b7ac                USART3_IRQHandler
                0x0800b7c4                UART4_IRQHandler
                0x0800b7dc                UART5_IRQHandler
                0x0800b7f4                USART6_IRQHandler
                0x0800b80c                DMA2_Stream7_IRQHandler
                0x0800b854                DMA1_Stream6_IRQHandler
                0x0800b89c                DMA1_Stream3_IRQHandler
                0x0800b8e4                DMA2_Stream5_IRQHandler
                0x0800b92c                DMA1_Stream5_IRQHandler
                0x0800b974                DMA1_Stream1_IRQHandler
                0x0800b9bc                RODOS::HAL_UART::init(unsigned long)
                0x0800b9f8                RODOS::HAL_UART::config(RODOS::UART_PARAMETER_TYPE, long)
                0x0800bbc8                RODOS::HAL_UART::reset()
                0x0800bc92                RODOS::HAL_UART::read(void*, unsigned int)
                0x0800bd66                RODOS::HAL_UART::write(void const*, unsigned int)
                0x0800be56                RODOS::HAL_UART::getcharNoWait()
                0x0800bedc                RODOS::HAL_UART::putcharNoWait(unsigned char)
                0x0800bf78                RODOS::HAL_UART::status(RODOS::UART_STATUS_TYPE)
                0x0800bfda                RODOS::HAL_UART::isWriteFinished()
                0x0800c032                RODOS::HAL_UART::isDataReady()
                0x0800c06e                RODOS::HW_HAL_UART::initMembers(RODOS::HAL_UART*, RODOS::UART_IDX, RODOS::GPIO_PIN, RODOS::GPIO_PIN, RODOS::GPIO_PIN, RODOS::GPIO_PIN)
                0x0800c0de                RODOS::HW_HAL_UART::DMAConfigure()
                0x0800c270                RODOS::HW_HAL_UART::DMAStartTransfer(void*, unsigned int)
                0x0800c2c4                RODOS::HW_HAL_UART::DMAStartReceive(void*, unsigned int)
                0x0800c330                RODOS::HW_HAL_UART::DMATransmitFinishedHandler()
                0x0800c3b8                RODOS::HW_HAL_UART::DMAReceiveFinishedHandler()
                0x0800c428                RODOS::HW_HAL_UART::SendTxBufWithDMA()
                0x0800c46a                RODOS::HW_HAL_UART::RceiveIntoRxBufWithDMA()
                0x0800c4d0                RODOS::EnableDMAClock()
                0x0800c504                RODOS::HW_HAL_UART::UARTIRQHandler()
                0x0800c69a                RODOS::HW_HAL_UART::getRCC_APBxPeriph_UARTx()
                0x0800c70e                RODOS::HW_HAL_UART::getGPIO_AF_UARTx()
                0x0800c776                RODOS::HW_HAL_UART::getUARTx_IRQn()
                0x0800c7ce                RODOS::HW_HAL_UART::getUARTx()
                0x0800c858                RODOS::HW_HAL_UART::init(unsigned long)
                0x0800c948                RODOS::HW_HAL_UART::putcharInterrupt(unsigned char)
                0x0800c984                RODOS::UART_putc_interrupt(RODOS::HAL_UART*, unsigned char)
 .text          0x0800ca84       0xd0 ..\dependencies\rodos\build\librodos.a(hw_thread.cpp.obj)
                0x0800ca84                RODOS::hwInitContext(long*, void*)
                0x0800cae8                RODOS::startIdleThread()
                0x0800cafa                RODOS::Thread::getCurrentStackAddr()
                0x0800cb12                __asmSwitchToContext
                0x0800cb30                __asmSaveContextAndCallScheduler
 .text          0x0800cb54      0x71c ..\dependencies\rodos\build\librodos.a(stm32f4xx_dma.c.obj)
                0x0800cb54                DMA_DeInit
                0x0800ccfc                DMA_Init
                0x0800cdac                DMA_StructInit
                0x0800ce1a                DMA_Cmd
                0x0800ce52                DMA_PeriphIncOffsetSizeConfig
                0x0800ce88                DMA_FlowControllerConfig
                0x0800cebe                DMA_SetCurrDataCounter
                0x0800cedc                DMA_GetCurrDataCounter
                0x0800cef6                DMA_DoubleBufferModeConfig
                0x0800cf34                DMA_DoubleBufferModeCmd
                0x0800cf6c                DMA_MemoryTargetConfig
                0x0800cf98                DMA_GetCurrentMemoryTarget
                0x0800cfc8                DMA_GetCmdStatus
                0x0800cff8                DMA_GetFIFOStatus
                0x0800d01c                DMA_GetFlagStatus
                0x0800d094                DMA_ClearFlag
                0x0800d0f0                DMA_ITConfig
                0x0800d164                DMA_GetITStatus
                0x0800d214                DMA_ClearITPendingBit
 .text          0x0800d270      0x970 ..\dependencies\rodos\build\librodos.a(stm32f4xx_usart.c.obj)
                0x0800d270                USART_DeInit
                0x0800d388                USART_Init
                0x0800d4fc                USART_StructInit
                0x0800d536                USART_ClockInit
                0x0800d58c                USART_ClockStructInit
                0x0800d5b8                USART_Cmd
                0x0800d5f8                USART_SetPrescaler
                0x0800d632                USART_OverSampling8Cmd
                0x0800d676                USART_OneBitMethodCmd
                0x0800d6b6                USART_SendData
                0x0800d6da                USART_ReceiveData
                0x0800d6fa                USART_SetAddress
                0x0800d734                USART_ReceiverWakeUpCmd
                0x0800d774                USART_WakeUpConfig
                0x0800d7ac                USART_LINBreakDetectLengthConfig
                0x0800d7e4                USART_LINCmd
                0x0800d824                USART_SendBreak
                0x0800d848                USART_HalfDuplexCmd
                0x0800d888                USART_SetGuardTime
                0x0800d8c4                USART_SmartCardCmd
                0x0800d904                USART_SmartCardNACKCmd
                0x0800d944                USART_IrDAConfig
                0x0800d97c                USART_IrDACmd
                0x0800d9bc                USART_DMACmd
                0x0800da04                USART_ITConfig
                0x0800da94                USART_GetFlagStatus
                0x0800dacc                USART_ClearFlag
                0x0800daee                USART_GetITStatus
                0x0800dba4                USART_ClearITPendingBit
 .text          0x0800dbe0      0x174 ..\dependencies\rodos\build\librodos.a(application.cpp.obj)
                0x0800dbe0                RODOS::Application::Application(char const*, long)
                0x0800dbe0                RODOS::Application::Application(char const*, long)
                0x0800dc1c                RODOS::Application::~Application()
                0x0800dc1c                RODOS::Application::~Application()
                0x0800dc60                RODOS::Application::~Application()
                0x0800dc80                RODOS::Application::activate()
                0x0800dc9a                RODOS::Application::deactivate()
                0x0800dcb4                RODOS::Application::request(void*, unsigned int, void*, unsigned int)
                0x0800dcd2                RODOS::Application::printApplications()
                0x0800dd18                RODOS::Application::findApplication(long)
 .text          0x0800dd54      0x2d8 ..\dependencies\rodos\build\librodos.a(checksumes.cpp.obj)
                0x0800dd54                RODOS::checkSum(void const*, unsigned int)
                0x0800dda0                RODOS::computeCrc(void const*, unsigned int, unsigned short)
                0x0800de22                RODOS::CRC::CRC()
                0x0800de22                RODOS::CRC::CRC()
                0x0800df0c                RODOS::CRC::computeCRC(void const*, unsigned int, unsigned short)
                0x0800df64                RODOS::hash(char const*)
                0x0800dfec                RODOS::checkSumXor32(unsigned long const*, unsigned int)
 .text          0x0800e02c      0x378 c:/users/dell/desktop/python programs/floatsat/floatsat/codes/obc/dependencies/add2path/gcc-arm-none-eabi/bin/../lib/gcc/arm-none-eabi/8.3.1/thumb/v7e-m/nofp\libgcc.a(_arm_addsubdf3.o)
                0x0800e02c                __aeabi_drsub
                0x0800e034                __aeabi_dsub
                0x0800e034                __subdf3
                0x0800e038                __aeabi_dadd
                0x0800e038                __adddf3
                0x0800e2b0                __floatunsidf
                0x0800e2b0                __aeabi_ui2d
                0x0800e2d0                __floatsidf
                0x0800e2d0                __aeabi_i2d
                0x0800e2f4                __aeabi_f2d
                0x0800e2f4                __extendsfdf2
                0x0800e338                __floatundidf
                0x0800e338                __aeabi_ul2d
                0x0800e348                __floatdidf
                0x0800e348                __aeabi_l2d
 .text          0x0800e3a4      0x424 c:/users/dell/desktop/python programs/floatsat/floatsat/codes/obc/dependencies/add2path/gcc-arm-none-eabi/bin/../lib/gcc/arm-none-eabi/8.3.1/thumb/v7e-m/nofp\libgcc.a(_arm_muldivdf3.o)
                0x0800e3a4                __aeabi_dmul
                0x0800e3a4                __muldf3
                0x0800e5f8                __divdf3
                0x0800e5f8                __aeabi_ddiv
 .text          0x0800e7c8      0x110 c:/users/dell/desktop/python programs/floatsat/floatsat/codes/obc/dependencies/add2path/gcc-arm-none-eabi/bin/../lib/gcc/arm-none-eabi/8.3.1/thumb/v7e-m/nofp\libgcc.a(_arm_cmpdf2.o)
                0x0800e7c8                __gtdf2
                0x0800e7c8                __gedf2
                0x0800e7d0                __ltdf2
                0x0800e7d0                __ledf2
                0x0800e7d8                __nedf2
                0x0800e7d8                __eqdf2
                0x0800e7d8                __cmpdf2
                0x0800e854                __aeabi_cdrcmple
                0x0800e864                __aeabi_cdcmpeq
                0x0800e864                __aeabi_cdcmple
                0x0800e874                __aeabi_dcmpeq
                0x0800e888                __aeabi_dcmplt
                0x0800e89c                __aeabi_dcmple
                0x0800e8b0                __aeabi_dcmpge
                0x0800e8c4                __aeabi_dcmpgt
 .text          0x0800e8d8       0x50 c:/users/dell/desktop/python programs/floatsat/floatsat/codes/obc/dependencies/add2path/gcc-arm-none-eabi/bin/../lib/gcc/arm-none-eabi/8.3.1/thumb/v7e-m/nofp\libgcc.a(_arm_fixdfsi.o)
                0x0800e8d8                __aeabi_d2iz
                0x0800e8d8                __fixdfsi
 .text          0x0800e928       0x40 c:/users/dell/desktop/python programs/floatsat/floatsat/codes/obc/dependencies/add2path/gcc-arm-none-eabi/bin/../lib/gcc/arm-none-eabi/8.3.1/thumb/v7e-m/nofp\libgcc.a(_arm_fixunsdfsi.o)
                0x0800e928                __aeabi_d2uiz
                0x0800e928                __fixunsdfsi
 .text          0x0800e968       0xa0 c:/users/dell/desktop/python programs/floatsat/floatsat/codes/obc/dependencies/add2path/gcc-arm-none-eabi/bin/../lib/gcc/arm-none-eabi/8.3.1/thumb/v7e-m/nofp\libgcc.a(_arm_truncdfsf2.o)
                0x0800e968                __truncdfsf2
                0x0800e968                __aeabi_d2f
 .text          0x0800ea08       0xec c:/users/dell/desktop/python programs/floatsat/floatsat/codes/obc/dependencies/add2path/gcc-arm-none-eabi/bin/../lib/gcc/arm-none-eabi/8.3.1/thumb/v7e-m/nofp\libgcc.a(_arm_cmpsf2.o)
                0x0800ea08                __gesf2
                0x0800ea08                __gtsf2
                0x0800ea10                __lesf2
                0x0800ea10                __ltsf2
                0x0800ea18                __nesf2
                0x0800ea18                __eqsf2
                0x0800ea18                __cmpsf2
                0x0800ea78                __aeabi_cfrcmple
                0x0800ea80                __aeabi_cfcmpeq
                0x0800ea80                __aeabi_cfcmple
                0x0800ea90                __aeabi_fcmpeq
                0x0800eaa4                __aeabi_fcmplt
                0x0800eab8                __aeabi_fcmple
                0x0800eacc                __aeabi_fcmpge
                0x0800eae0                __aeabi_fcmpgt
 .text          0x0800eaf4       0x40 c:/users/dell/desktop/python programs/floatsat/floatsat/codes/obc/dependencies/add2path/gcc-arm-none-eabi/bin/../lib/gcc/arm-none-eabi/8.3.1/thumb/v7e-m/nofp\libgcc.a(_arm_fixunssfsi.o)
                0x0800eaf4                __fixunssfsi
                0x0800eaf4                __aeabi_f2uiz
 .text          0x0800eb34       0xa0 c:/users/dell/desktop/python programs/floatsat/floatsat/codes/obc/dependencies/add2path/gcc-arm-none-eabi/bin/../lib/gcc/arm-none-eabi/8.3.1/thumb/v7e-m/nofp\libgcc.a(_aeabi_ldivmod.o)
                0x0800eb34                __aeabi_ldivmod
 .text          0x0800ebd4       0x30 c:/users/dell/desktop/python programs/floatsat/floatsat/codes/obc/dependencies/add2path/gcc-arm-none-eabi/bin/../lib/gcc/arm-none-eabi/8.3.1/thumb/v7e-m/nofp\libgcc.a(_aeabi_uldivmod.o)
                0x0800ebd4                __aeabi_uldivmod
 .text          0x0800ec04       0x34 c:/users/dell/desktop/python programs/floatsat/floatsat/codes/obc/dependencies/add2path/gcc-arm-none-eabi/bin/../lib/gcc/arm-none-eabi/8.3.1/thumb/v7e-m/nofp\libgcc.a(_fixdfdi.o)
                0x0800ec04                __fixdfdi
                0x0800ec04                __aeabi_d2lz
 .text          0x0800ec38       0x3c c:/users/dell/desktop/python programs/floatsat/floatsat/codes/obc/dependencies/add2path/gcc-arm-none-eabi/bin/../lib/gcc/arm-none-eabi/8.3.1/thumb/v7e-m/nofp\libgcc.a(_fixunsdfdi.o)
                0x0800ec38                __fixunsdfdi
                0x0800ec38                __aeabi_d2ulz
 .text          0x0800ec74      0x2d0 c:/users/dell/desktop/python programs/floatsat/floatsat/codes/obc/dependencies/add2path/gcc-arm-none-eabi/bin/../lib/gcc/arm-none-eabi/8.3.1/thumb/v7e-m/nofp\libgcc.a(_udivmoddi4.o)
                0x0800ec74                __udivmoddi4
 .text          0x0800ef44        0x4 c:/users/dell/desktop/python programs/floatsat/floatsat/codes/obc/dependencies/add2path/gcc-arm-none-eabi/bin/../lib/gcc/arm-none-eabi/8.3.1/thumb/v7e-m/nofp\libgcc.a(_dvmd_tls.o)
                0x0800ef44                __aeabi_idiv0
                0x0800ef44                __aeabi_ldiv0
 *(.text*)
 .text._ZN5RODOS6Thread4initEv
                0x0800ef48       0x12 build/hello_motor.o
                0x0800ef48                RODOS::Thread::init()
 *fill*         0x0800ef5a        0x2 
 .text._ZN5RODOS12StaticThreadILj2000EED2Ev
                0x0800ef5c       0x24 build/hello_motor.o
                0x0800ef5c                RODOS::StaticThread<2000u>::~StaticThread()
                0x0800ef5c                RODOS::StaticThread<2000u>::~StaticThread()
 .text._ZN5RODOS12StaticThreadILj2000EED0Ev
                0x0800ef80       0x1e build/hello_motor.o
                0x0800ef80                RODOS::StaticThread<2000u>::~StaticThread()
 .text._ZN5RODOS18GenericIOInterface14isReadFinishedEv
                0x0800ef9e       0x14 build/hello_motor.o
                0x0800ef9e                RODOS::GenericIOInterface::isReadFinished()
 .text._ZN5RODOS18GenericIOInterface11isDataReadyEv
                0x0800efb2       0x14 build/hello_motor.o
                0x0800efb2                RODOS::GenericIOInterface::isDataReady()
 *fill*         0x0800efc6        0x2 
 .text._ZN5RODOS18GenericIOInterfaceD2Ev
                0x0800efc8       0x20 build/hello_motor.o
                0x0800efc8                RODOS::GenericIOInterface::~GenericIOInterface()
                0x0800efc8                RODOS::GenericIOInterface::~GenericIOInterface()
 .text._ZN5RODOS18GenericIOInterfaceD0Ev
                0x0800efe8       0x1e build/hello_motor.o
                0x0800efe8                RODOS::GenericIOInterface::~GenericIOInterface()
 *fill*         0x0800f006        0x2 
 .text._ZN5RODOS8HAL_GPIOC2Ev
                0x0800f008       0x24 build/hello_motor.o
                0x0800f008                RODOS::HAL_GPIO::HAL_GPIO()
                0x0800f008                RODOS::HAL_GPIO::HAL_GPIO()
 .text._ZN5RODOS7HAL_PWMC2Ev
                0x0800f02c       0x24 build/hello_motor.o
                0x0800f02c                RODOS::HAL_PWM::HAL_PWM()
                0x0800f02c                RODOS::HAL_PWM::HAL_PWM()
 .text._ZN5RODOS7HAL_PWM15isWriteFinishedEv
                0x0800f050       0x14 build/hello_motor.o
                0x0800f050                RODOS::HAL_PWM::isWriteFinished()
 .text._ZN5MotorC2EN5RODOS7PWM_IDXENS0_8GPIO_PINES2_
                0x0800f064       0x6c build/hello_motor.o
                0x0800f064                Motor::Motor(RODOS::PWM_IDX, RODOS::GPIO_PIN, RODOS::GPIO_PIN)
                0x0800f064                Motor::Motor(RODOS::PWM_IDX, RODOS::GPIO_PIN, RODOS::GPIO_PIN)
 .text._ZN5Motor4initEv
                0x0800f0d0       0x3e build/hello_motor.o
                0x0800f0d0                Motor::init()
 .text._ZN5Motor12setDutycycleEf
                0x0800f10e       0x7e build/hello_motor.o
                0x0800f10e                Motor::setDutycycle(float)
 .text._ZN6LedPwm4initEv
                0x0800f18c       0x34 build/hello_motor.o
                0x0800f18c                LedPwm::init()
 .text._ZN6LedPwm3runEv
                0x0800f1c0       0x2c build/hello_motor.o
                0x0800f1c0                LedPwm::run()
 .text._ZN6LedPwmC2Ev
                0x0800f1ec       0x34 build/hello_motor.o
                0x0800f1ec                LedPwm::LedPwm()
                0x0800f1ec                LedPwm::LedPwm()
 .text._ZN5RODOS12StaticThreadILj2000EEC2EPKcl
                0x0800f220       0x30 build/hello_motor.o
                0x0800f220                RODOS::StaticThread<2000u>::StaticThread(char const*, long)
                0x0800f220                RODOS::StaticThread<2000u>::StaticThread(char const*, long)
 .text._ZN5RODOS6ThreadC2ILj2000EEERAT__cPKcl
                0x0800f250       0xa8 build/hello_motor.o
                0x0800f250                RODOS::Thread::Thread<2000u>(char (&) [2000u], char const*, long)
                0x0800f250                RODOS::Thread::Thread<2000u>(char (&) [2000u], char const*, long)
 .text._ZN6LedPwmD2Ev
                0x0800f2f8       0x24 build/hello_motor.o
                0x0800f2f8                LedPwm::~LedPwm()
                0x0800f2f8                LedPwm::~LedPwm()
 .text._ZN6LedPwmD0Ev
                0x0800f31c       0x1e build/hello_motor.o
                0x0800f31c                LedPwm::~LedPwm()
 *fill*         0x0800f33a        0x2 
 .text._ZN5RODOS7HAL_PWMD2Ev
                0x0800f33c       0x24 build/hello_motor.o
                0x0800f33c                RODOS::HAL_PWM::~HAL_PWM()
                0x0800f33c                RODOS::HAL_PWM::~HAL_PWM()
 .text._ZN5RODOS7HAL_PWMD0Ev
                0x0800f360       0x1e build/hello_motor.o
                0x0800f360                RODOS::HAL_PWM::~HAL_PWM()
 .text._ZN5MotorD2Ev
                0x0800f37e       0x2e build/hello_motor.o
                0x0800f37e                Motor::~Motor()
                0x0800f37e                Motor::~Motor()
 .text._Z41__static_initialization_and_destruction_0ii
                0x0800f3ac       0x78 build/hello_motor.o
 .text._ZN5RODOS8HAL_GPIOD2Ev
                0x0800f424       0x24 build/hello_motor.o
                0x0800f424                RODOS::HAL_GPIO::~HAL_GPIO()
                0x0800f424                RODOS::HAL_GPIO::~HAL_GPIO()
 .text._ZN5RODOS8HAL_GPIOD0Ev
                0x0800f448       0x1e build/hello_motor.o
                0x0800f448                RODOS::HAL_GPIO::~HAL_GPIO()
 .text._GLOBAL__sub_I__ZN5MotorC2EN5RODOS7PWM_IDXENS0_8GPIO_PINES2_
                0x0800f466       0x10 build/hello_motor.o
 .text._ZN5RODOS10TimePointsILj20EEC2Ev
                0x0800f476       0x2a ..\dependencies\rodos\build\librodos.a(globalobjects.cpp.obj)
                0x0800f476                RODOS::TimePoints<20u>::TimePoints()
                0x0800f476                RODOS::TimePoints<20u>::TimePoints()
 .text._ZN5RODOS3NOWEv
                0x0800f4a0       0x12 ..\dependencies\rodos\build\librodos.a(misc-rodos-funcs.cpp.obj)
                0x0800f4a0                RODOS::NOW()
 *fill*         0x0800f4b2        0x2 
 .text._ZN5RODOS7YprintfD2Ev
                0x0800f4b4       0x20 ..\dependencies\rodos\build\librodos.a(rodos-debug.cpp.obj)
                0x0800f4b4                RODOS::Yprintf::~Yprintf()
                0x0800f4b4                RODOS::Yprintf::~Yprintf()
 .text._ZN5RODOS7YprintfD0Ev
                0x0800f4d4       0x20 ..\dependencies\rodos\build\librodos.a(rodos-debug.cpp.obj)
                0x0800f4d4                RODOS::Yprintf::~Yprintf()
 .text._ZN5RODOS7Yprintf5yputcEc
                0x0800f4f4       0x1c ..\dependencies\rodos\build\librodos.a(rodos-debug.cpp.obj)
                0x0800f4f4                RODOS::Yprintf::yputc(char)
 .text._ZN5RODOS7YprintfC2Ev
                0x0800f510       0x20 ..\dependencies\rodos\build\librodos.a(rodos-debug.cpp.obj)
                0x0800f510                RODOS::Yprintf::Yprintf()
                0x0800f510                RODOS::Yprintf::Yprintf()
 .text._ZN5RODOS9SNYprintfC2EPcj
                0x0800f530       0x3c ..\dependencies\rodos\build\librodos.a(rodos-debug.cpp.obj)
                0x0800f530                RODOS::SNYprintf::SNYprintf(char*, unsigned int)
                0x0800f530                RODOS::SNYprintf::SNYprintf(char*, unsigned int)
 .text._ZN5RODOS9SNYprintfD2Ev
                0x0800f56c       0x34 ..\dependencies\rodos\build\librodos.a(rodos-debug.cpp.obj)
                0x0800f56c                RODOS::SNYprintf::~SNYprintf()
                0x0800f56c                RODOS::SNYprintf::~SNYprintf()
 .text._ZN5RODOS9SNYprintfD0Ev
                0x0800f5a0       0x20 ..\dependencies\rodos\build\librodos.a(rodos-debug.cpp.obj)
                0x0800f5a0                RODOS::SNYprintf::~SNYprintf()
 .text._ZN5RODOS9SNYprintf5yputcEc
                0x0800f5c0       0x42 ..\dependencies\rodos\build\librodos.a(rodos-debug.cpp.obj)
                0x0800f5c0                RODOS::SNYprintf::yputc(char)
 .text._ZN5RODOS10TimePointsILj20EE6addRawEPKcl
                0x0800f602       0x6a ..\dependencies\rodos\build\librodos.a(rodos-debug.cpp.obj)
                0x0800f602                RODOS::TimePoints<20u>::addRaw(char const*, long)
 .text._ZN5RODOS8YsprintfC2EPc
                0x0800f66c       0x2c ..\dependencies\rodos\build\librodos.a(yprintf.cpp.obj)
                0x0800f66c                RODOS::Ysprintf::Ysprintf(char*)
                0x0800f66c                RODOS::Ysprintf::Ysprintf(char*)
 .text._ZN5RODOS8Ysprintf5yputcEc
                0x0800f698       0x32 ..\dependencies\rodos\build\librodos.a(yprintf.cpp.obj)
                0x0800f698                RODOS::Ysprintf::yputc(char)
 *fill*         0x0800f6ca        0x2 
 .text._ZN5RODOS8YsprintfD2Ev
                0x0800f6cc       0x24 ..\dependencies\rodos\build\librodos.a(yprintf.cpp.obj)
                0x0800f6cc                RODOS::Ysprintf::~Ysprintf()
                0x0800f6cc                RODOS::Ysprintf::~Ysprintf()
 .text._ZN5RODOS8YsprintfD0Ev
                0x0800f6f0       0x20 ..\dependencies\rodos\build\librodos.a(yprintf.cpp.obj)
                0x0800f6f0                RODOS::Ysprintf::~Ysprintf()
 .text._ZnwjPv  0x0800f710       0x18 ..\dependencies\rodos\build\librodos.a(hal_gpio.cpp.obj)
                0x0800f710                operator new(unsigned int, void*)
 .text._ZN5RODOS13ScopePriorityC2El
                0x0800f728       0x20 ..\dependencies\rodos\build\librodos.a(hal_gpio.cpp.obj)
                0x0800f728                RODOS::ScopePriority::ScopePriority(long)
                0x0800f728                RODOS::ScopePriority::ScopePriority(long)
 .text._ZN5RODOS13ScopePriorityD2Ev
                0x0800f748       0x1c ..\dependencies\rodos\build\librodos.a(hal_gpio.cpp.obj)
                0x0800f748                RODOS::ScopePriority::~ScopePriority()
                0x0800f748                RODOS::ScopePriority::~ScopePriority()
 .text._ZN5RODOS8HAL_GPIO15isWriteFinishedEv
                0x0800f764       0x16 ..\dependencies\rodos\build\librodos.a(hal_gpio.cpp.obj)
                0x0800f764                RODOS::HAL_GPIO::isWriteFinished()
 .text._ZN5RODOS8HAL_GPIO14isReadFinishedEv
                0x0800f77a       0x16 ..\dependencies\rodos\build\librodos.a(hal_gpio.cpp.obj)
                0x0800f77a                RODOS::HAL_GPIO::isReadFinished()
 .text._ZN5RODOS8HAL_UARTD2Ev
                0x0800f790       0x24 ..\dependencies\rodos\build\librodos.a(hw_specific.cpp.obj)
                0x0800f790                RODOS::HAL_UART::~HAL_UART()
                0x0800f790                RODOS::HAL_UART::~HAL_UART()
 .text._ZN5RODOS8HAL_UARTD0Ev
                0x0800f7b4       0x20 ..\dependencies\rodos\build\librodos.a(hw_specific.cpp.obj)
                0x0800f7b4                RODOS::HAL_UART::~HAL_UART()
 .text._ZNK5RODOS11ListElement7getNextEv
                0x0800f7d4       0x18 ..\dependencies\rodos\build\librodos.a(thread_on_hw.cpp.obj)
                0x0800f7d4                RODOS::ListElement::getNext() const
 .text._ZNK5RODOS11ListElement7getNameEv
                0x0800f7ec       0x18 ..\dependencies\rodos\build\librodos.a(thread_on_hw.cpp.obj)
                0x0800f7ec                RODOS::ListElement::getName() const
 .text._ZN5RODOS10IdleThreadC2Ev
                0x0800f804       0x2c ..\dependencies\rodos\build\librodos.a(thread_on_hw.cpp.obj)
                0x0800f804                RODOS::IdleThread::IdleThread()
                0x0800f804                RODOS::IdleThread::IdleThread()
 .text._ZN5RODOS7earlierExx
                0x0800f830       0x34 ..\dependencies\rodos\build\librodos.a(thread_on_hw.cpp.obj)
                0x0800f830                RODOS::earlier(long long, long long)
 .text._ZN5RODOS10IdleThreadD2Ev
                0x0800f864       0x24 ..\dependencies\rodos\build\librodos.a(thread_on_hw.cpp.obj)
                0x0800f864                RODOS::IdleThread::~IdleThread()
                0x0800f864                RODOS::IdleThread::~IdleThread()
 .text._ZN5RODOS10IdleThreadD0Ev
                0x0800f888       0x22 ..\dependencies\rodos\build\librodos.a(thread_on_hw.cpp.obj)
                0x0800f888                RODOS::IdleThread::~IdleThread()
 *fill*         0x0800f8aa        0x2 
 .text.Reset_Handler
                0x0800f8ac       0x60 ..\dependencies\rodos\build\librodos.a(startup_stm32f4xx.S.obj)
                0x0800f8ac                Reset_Handler
 .text.Default_Handler
                0x0800f90c        0x6 ..\dependencies\rodos\build\librodos.a(startup_stm32f4xx.S.obj)
                0x0800f90c                RTC_Alarm_IRQHandler
                0x0800f90c                HASH_RNG_IRQHandler
                0x0800f90c                TIM8_CC_IRQHandler
                0x0800f90c                DebugMon_Handler
                0x0800f90c                TIM1_CC_IRQHandler
                0x0800f90c                HardFault_Handler
                0x0800f90c                PVD_IRQHandler
                0x0800f90c                SDIO_IRQHandler
                0x0800f90c                TAMP_STAMP_IRQHandler
                0x0800f90c                NMI_Handler
                0x0800f90c                CAN2_RX1_IRQHandler
                0x0800f90c                TIM8_TRG_COM_TIM14_IRQHandler
                0x0800f90c                TIM1_UP_TIM10_IRQHandler
                0x0800f90c                TIM8_UP_TIM13_IRQHandler
                0x0800f90c                I2C3_ER_IRQHandler
                0x0800f90c                I2C2_EV_IRQHandler
                0x0800f90c                DMA1_Stream2_IRQHandler
                0x0800f90c                CAN1_RX0_IRQHandler
                0x0800f90c                FPU_IRQHandler
                0x0800f90c                OTG_HS_WKUP_IRQHandler
                0x0800f90c                UsageFault_Handler
                0x0800f90c                CAN2_SCE_IRQHandler
                0x0800f90c                DMA2_Stream2_IRQHandler
                0x0800f90c                SPI1_IRQHandler
                0x0800f90c                TIM6_DAC_IRQHandler
                0x0800f90c                TIM1_BRK_TIM9_IRQHandler
                0x0800f90c                DCMI_IRQHandler
                0x0800f90c                CAN2_RX0_IRQHandler
                0x0800f90c                DMA2_Stream3_IRQHandler
                0x0800f90c                CRYP_IRQHandler
                0x0800f90c                CAN1_RX1_IRQHandler
                0x0800f90c                DMA2_Stream0_IRQHandler
                0x0800f90c                TIM4_IRQHandler
                0x0800f90c                I2C1_EV_IRQHandler
                0x0800f90c                TIM3_IRQHandler
                0x0800f90c                RCC_IRQHandler
                0x0800f90c                TIM8_BRK_TIM12_IRQHandler
                0x0800f90c                Default_Handler
                0x0800f90c                ADC_IRQHandler
                0x0800f90c                DMA1_Stream7_IRQHandler
                0x0800f90c                TIM7_IRQHandler
                0x0800f90c                CAN2_TX_IRQHandler
                0x0800f90c                I2C3_EV_IRQHandler
                0x0800f90c                ETH_WKUP_IRQHandler
                0x0800f90c                SPI2_IRQHandler
                0x0800f90c                OTG_HS_EP1_IN_IRQHandler
                0x0800f90c                MemManage_Handler
                0x0800f90c                DMA1_Stream0_IRQHandler
                0x0800f90c                CAN1_TX_IRQHandler
                0x0800f90c                FSMC_IRQHandler
                0x0800f90c                ETH_IRQHandler
                0x0800f90c                OTG_HS_EP1_OUT_IRQHandler
                0x0800f90c                WWDG_IRQHandler
                0x0800f90c                TIM2_IRQHandler
                0x0800f90c                OTG_FS_WKUP_IRQHandler
                0x0800f90c                OTG_HS_IRQHandler
                0x0800f90c                I2C2_ER_IRQHandler
                0x0800f90c                DMA2_Stream1_IRQHandler
                0x0800f90c                CAN1_SCE_IRQHandler
                0x0800f90c                FLASH_IRQHandler
                0x0800f90c                DMA2_Stream4_IRQHandler
                0x0800f90c                BusFault_Handler
                0x0800f90c                OTG_FS_IRQHandler
                0x0800f90c                SPI3_IRQHandler
                0x0800f90c                DMA1_Stream4_IRQHandler
                0x0800f90c                I2C1_ER_IRQHandler
                0x0800f90c                DMA2_Stream6_IRQHandler
 .text._ZN5RODOS9TimeEvent6handleEv
                0x0800f912       0x14 ..\dependencies\rodos\build\librodos.a(timeevent.cpp.obj)
                0x0800f912                RODOS::TimeEvent::handle()
 .text._ZN5RODOS9TimeEvent4initEv
                0x0800f926       0x14 ..\dependencies\rodos\build\librodos.a(timeevent.cpp.obj)
                0x0800f926                RODOS::TimeEvent::init()
 *fill*         0x0800f93a        0x2 
 .text._ZN5RODOS14TopicInterfaceD2Ev
                0x0800f93c       0x44 ..\dependencies\rodos\build\librodos.a(topic.cpp.obj)
                0x0800f93c                RODOS::TopicInterface::~TopicInterface()
                0x0800f93c                RODOS::TopicInterface::~TopicInterface()
 .text._ZN5RODOS14TopicInterfaceD0Ev
                0x0800f980       0x20 ..\dependencies\rodos\build\librodos.a(topic.cpp.obj)
                0x0800f980                RODOS::TopicInterface::~TopicInterface()
 .text._ZN5RODOS5TopicINS_13GenericMsgRefEEC2ExPKcb
                0x0800f9a0       0x38 ..\dependencies\rodos\build\librodos.a(topic.cpp.obj)
                0x0800f9a0                RODOS::Topic<RODOS::GenericMsgRef>::Topic(long long, char const*, bool)
                0x0800f9a0                RODOS::Topic<RODOS::GenericMsgRef>::Topic(long long, char const*, bool)
 .text._ZN5RODOS5TopicINS_14NetworkMessageEEC2ExPKcb
                0x0800f9d8       0x3c ..\dependencies\rodos\build\librodos.a(topic.cpp.obj)
                0x0800f9d8                RODOS::Topic<RODOS::NetworkMessage>::Topic(long long, char const*, bool)
                0x0800f9d8                RODOS::Topic<RODOS::NetworkMessage>::Topic(long long, char const*, bool)
 .text._ZN5RODOS5TopicIPvEC2ExPKcb
                0x0800fa14       0x38 ..\dependencies\rodos\build\librodos.a(topic.cpp.obj)
                0x0800fa14                RODOS::Topic<void*>::Topic(long long, char const*, bool)
                0x0800fa14                RODOS::Topic<void*>::Topic(long long, char const*, bool)
 .text._ZN5RODOS5TopicIPvED2Ev
                0x0800fa4c       0x44 ..\dependencies\rodos\build\librodos.a(topic.cpp.obj)
                0x0800fa4c                RODOS::Topic<void*>::~Topic()
                0x0800fa4c                RODOS::Topic<void*>::~Topic()
 .text._ZN5RODOS5TopicIPvED0Ev
                0x0800fa90       0x20 ..\dependencies\rodos\build\librodos.a(topic.cpp.obj)
                0x0800fa90                RODOS::Topic<void*>::~Topic()
 .text._ZN5RODOS5TopicINS_14NetworkMessageEED2Ev
                0x0800fab0       0x44 ..\dependencies\rodos\build\librodos.a(topic.cpp.obj)
                0x0800fab0                RODOS::Topic<RODOS::NetworkMessage>::~Topic()
                0x0800fab0                RODOS::Topic<RODOS::NetworkMessage>::~Topic()
 .text._ZN5RODOS5TopicINS_14NetworkMessageEED0Ev
                0x0800faf4       0x20 ..\dependencies\rodos\build\librodos.a(topic.cpp.obj)
                0x0800faf4                RODOS::Topic<RODOS::NetworkMessage>::~Topic()
 .text._ZN5RODOS5TopicINS_13GenericMsgRefEED2Ev
                0x0800fb14       0x44 ..\dependencies\rodos\build\librodos.a(topic.cpp.obj)
                0x0800fb14                RODOS::Topic<RODOS::GenericMsgRef>::~Topic()
                0x0800fb14                RODOS::Topic<RODOS::GenericMsgRef>::~Topic()
 .text._ZN5RODOS5TopicINS_13GenericMsgRefEED0Ev
                0x0800fb58       0x20 ..\dependencies\rodos\build\librodos.a(topic.cpp.obj)
                0x0800fb58                RODOS::Topic<RODOS::GenericMsgRef>::~Topic()
 .text._ZN5RODOS6PutterD2Ev
                0x0800fb78       0x20 ..\dependencies\rodos\build\librodos.a(hal_uart.cpp.obj)
                0x0800fb78                RODOS::Putter::~Putter()
                0x0800fb78                RODOS::Putter::~Putter()
 .text._ZN5RODOS6PutterD0Ev
                0x0800fb98       0x20 ..\dependencies\rodos\build\librodos.a(hal_uart.cpp.obj)
                0x0800fb98                RODOS::Putter::~Putter()
 .text._ZN5RODOS6Putter10putGenericEmjPKvRKNS_10NetMsgInfoE
                0x0800fbb8       0x24 ..\dependencies\rodos\build\librodos.a(hal_uart.cpp.obj)
                0x0800fbb8                RODOS::Putter::putGeneric(unsigned long, unsigned int, void const*, RODOS::NetMsgInfo const&)
 .text._ZN5RODOS14ReceiveTriggerC2Ev
                0x0800fbdc       0x2c ..\dependencies\rodos\build\librodos.a(hal_uart.cpp.obj)
                0x0800fbdc                RODOS::ReceiveTrigger::ReceiveTrigger()
                0x0800fbdc                RODOS::ReceiveTrigger::ReceiveTrigger()
 .text._ZN5RODOS11HW_HAL_UARTC2Ev
                0x0800fc08       0x28 ..\dependencies\rodos\build\librodos.a(hal_uart.cpp.obj)
                0x0800fc08                RODOS::HW_HAL_UART::HW_HAL_UART()
                0x0800fc08                RODOS::HW_HAL_UART::HW_HAL_UART()
 .text._ZN5RODOS4FifoIhLj256EED2Ev
                0x0800fc30       0x24 ..\dependencies\rodos\build\librodos.a(hal_uart.cpp.obj)
                0x0800fc30                RODOS::Fifo<unsigned char, 256u>::~Fifo()
                0x0800fc30                RODOS::Fifo<unsigned char, 256u>::~Fifo()
 .text._ZN5RODOS4FifoIhLj256EED0Ev
                0x0800fc54       0x22 ..\dependencies\rodos\build\librodos.a(hal_uart.cpp.obj)
                0x0800fc54                RODOS::Fifo<unsigned char, 256u>::~Fifo()
 *fill*         0x0800fc76        0x2 
 .text._ZN5RODOS9BlockFifoIhLj256EEC2Ev
                0x0800fc78       0x24 ..\dependencies\rodos\build\librodos.a(hal_uart.cpp.obj)
                0x0800fc78                RODOS::BlockFifo<unsigned char, 256u>::BlockFifo()
                0x0800fc78                RODOS::BlockFifo<unsigned char, 256u>::BlockFifo()
 .text._ZN5RODOS9BlockFifoIhLj256EE15getBufferToReadERj
                0x0800fc9c       0x5e ..\dependencies\rodos\build\librodos.a(hal_uart.cpp.obj)
                0x0800fc9c                RODOS::BlockFifo<unsigned char, 256u>::getBufferToRead(unsigned int&)
 .text._ZN5RODOS9BlockFifoIhLj256EE13readConcludedEj
                0x0800fcfa       0x2a ..\dependencies\rodos\build\librodos.a(hal_uart.cpp.obj)
                0x0800fcfa                RODOS::BlockFifo<unsigned char, 256u>::readConcluded(unsigned int)
 .text._ZN5RODOS9BlockFifoIhLj256EE16getBufferToWriteERj
                0x0800fd24       0x80 ..\dependencies\rodos\build\librodos.a(hal_uart.cpp.obj)
                0x0800fd24                RODOS::BlockFifo<unsigned char, 256u>::getBufferToWrite(unsigned int&)
 .text._ZN5RODOS9BlockFifoIhLj256EE14writeConcludedEj
                0x0800fda4       0x2a ..\dependencies\rodos\build\librodos.a(hal_uart.cpp.obj)
                0x0800fda4                RODOS::BlockFifo<unsigned char, 256u>::writeConcluded(unsigned int)
 .text._ZN5RODOS4FifoIhLj256EE3getERh
                0x0800fdce       0x66 ..\dependencies\rodos\build\librodos.a(hal_uart.cpp.obj)
                0x0800fdce                RODOS::Fifo<unsigned char, 256u>::get(unsigned char&)
 .text._ZN5RODOS4FifoIhLj256EE3putERKh
                0x0800fe34       0x66 ..\dependencies\rodos\build\librodos.a(hal_uart.cpp.obj)
                0x0800fe34                RODOS::Fifo<unsigned char, 256u>::put(unsigned char const&)
 .text._ZN5RODOS4FifoIhLj256EE15getElementCountEv
                0x0800fe9a       0x3e ..\dependencies\rodos\build\librodos.a(hal_uart.cpp.obj)
                0x0800fe9a                RODOS::Fifo<unsigned char, 256u>::getElementCount()
 .text._ZN5RODOS4FifoIhLj256EE7isEmptyEv
                0x0800fed8       0x2a ..\dependencies\rodos\build\librodos.a(hal_uart.cpp.obj)
                0x0800fed8                RODOS::Fifo<unsigned char, 256u>::isEmpty()
 *fill*         0x0800ff02        0x2 
 .text._ZN5RODOS6PutterC2Ev
                0x0800ff04       0x20 ..\dependencies\rodos\build\librodos.a(hal_uart.cpp.obj)
                0x0800ff04                RODOS::Putter::Putter()
                0x0800ff04                RODOS::Putter::Putter()
 .text._ZN5RODOS4FifoIhLj256EEC2Ev
                0x0800ff24       0x44 ..\dependencies\rodos\build\librodos.a(hal_uart.cpp.obj)
                0x0800ff24                RODOS::Fifo<unsigned char, 256u>::Fifo()
                0x0800ff24                RODOS::Fifo<unsigned char, 256u>::Fifo()
 .text._ZN5RODOS9BlockFifoIhLj256EE14advanceIndexExEjj
                0x0800ff68       0x32 ..\dependencies\rodos\build\librodos.a(hal_uart.cpp.obj)
                0x0800ff68                RODOS::BlockFifo<unsigned char, 256u>::advanceIndexEx(unsigned int, unsigned int)
 .text._ZN5RODOS4FifoIhLj256EE12advanceIndexEj
                0x0800ff9a       0x24 ..\dependencies\rodos\build\librodos.a(hal_uart.cpp.obj)
                0x0800ff9a                RODOS::Fifo<unsigned char, 256u>::advanceIndex(unsigned int)
 *fill*         0x0800ffbe        0x2 
 .text._ZN5RODOS9BlockFifoIhLj256EED2Ev
                0x0800ffc0       0x24 ..\dependencies\rodos\build\librodos.a(hal_uart.cpp.obj)
                0x0800ffc0                RODOS::BlockFifo<unsigned char, 256u>::~BlockFifo()
                0x0800ffc0                RODOS::BlockFifo<unsigned char, 256u>::~BlockFifo()
 .text._ZN5RODOS9BlockFifoIhLj256EED0Ev
                0x0800ffe4       0x22 ..\dependencies\rodos\build\librodos.a(hal_uart.cpp.obj)
                0x0800ffe4                RODOS::BlockFifo<unsigned char, 256u>::~BlockFifo()
 *fill*         0x08010006        0x2 
 .text._ZN5RODOS14ReceiveTriggerD2Ev
                0x08010008       0x24 ..\dependencies\rodos\build\librodos.a(hal_uart.cpp.obj)
                0x08010008                RODOS::ReceiveTrigger::~ReceiveTrigger()
                0x08010008                RODOS::ReceiveTrigger::~ReceiveTrigger()
 .text._ZN5RODOS14ReceiveTriggerD0Ev
                0x0801002c       0x22 ..\dependencies\rodos\build\librodos.a(hal_uart.cpp.obj)
                0x0801002c                RODOS::ReceiveTrigger::~ReceiveTrigger()
 .text._ZN5RODOS11HW_HAL_UARTD2Ev
                0x0801004e       0x28 ..\dependencies\rodos\build\librodos.a(hal_uart.cpp.obj)
                0x0801004e                RODOS::HW_HAL_UART::~HW_HAL_UART()
                0x0801004e                RODOS::HW_HAL_UART::~HW_HAL_UART()
 *fill*         0x08010076        0x2 
 .text._ZN5RODOS4FifoIhLj256EE10putGenericEmjPKvRKNS_10NetMsgInfoE
                0x08010078       0x34 ..\dependencies\rodos\build\librodos.a(hal_uart.cpp.obj)
                0x08010078                RODOS::Fifo<unsigned char, 256u>::putGeneric(unsigned long, unsigned int, void const*, RODOS::NetMsgInfo const&)
 .text._ZN5RODOS11Application4initEv
                0x080100ac       0x14 ..\dependencies\rodos\build\librodos.a(application.cpp.obj)
                0x080100ac                RODOS::Application::init()
 .text._ZN5RODOS11rotateRightERt
                0x080100c0       0x46 ..\dependencies\rodos\build\librodos.a(checksumes.cpp.obj)
                0x080100c0                RODOS::rotateRight(unsigned short&)
 *fill*         0x08010106        0x2 
 .text.__aeabi_atexit
                0x08010108        0xc c:/users/dell/desktop/python programs/floatsat/floatsat/codes/obc/dependencies/add2path/gcc-arm-none-eabi/bin/../lib/gcc/arm-none-eabi/8.3.1/../../../../arm-none-eabi/lib/thumb/v7e-m/nofp\libc.a(lib_a-aeabi_atexit.o)
                0x08010108                __aeabi_atexit
 *(.rodata)
 .rodata        0x08010114       0x25 build/hello_motor.o
 *fill*         0x08010139        0x7 
 .rodata        0x08010140       0x70 ..\dependencies\rodos\build\librodos.a(genericIO.cpp.obj)
                0x08010188                vtable for RODOS::GenericIOInterface
 .rodata        0x080101b0       0x57 ..\dependencies\rodos\build\librodos.a(globalobjects.cpp.obj)
 *fill*         0x08010207        0x1 
 .rodata        0x08010208       0xc4 ..\dependencies\rodos\build\librodos.a(listelement.cpp.obj)
                0x080102bc                vtable for RODOS::ListElement
 *fill*         0x080102cc        0x4 
 .rodata        0x080102d0      0x15a ..\dependencies\rodos\build\librodos.a(misc-rodos-funcs.cpp.obj)
 *fill*         0x0801042a        0x6 
 .rodata        0x08010430       0x76 ..\dependencies\rodos\build\librodos.a(rodos-debug.cpp.obj)
 *fill*         0x080104a6        0x2 
 .rodata        0x080104a8       0x96 ..\dependencies\rodos\build\librodos.a(thread.cpp.obj)
 *fill*         0x0801053e        0x2 
 .rodata        0x08010540      0x144 ..\dependencies\rodos\build\librodos.a(timemodel.cpp.obj)
 *fill*         0x08010684        0x4 
 .rodata        0x08010688      0x1b4 ..\dependencies\rodos\build\librodos.a(hal_gpio.cpp.obj)
                0x08010814                vtable for RODOS::HAL_GPIO
 *fill*         0x0801083c        0x4 
 .rodata        0x08010840      0x10b ..\dependencies\rodos\build\librodos.a(hal_pwm.cpp.obj)
 *fill*         0x0801094b        0x5 
 .rodata        0x08010950      0x116 ..\dependencies\rodos\build\librodos.a(hostinfos.cpp.obj)
 *fill*         0x08010a66        0x2 
 .rodata        0x08010a68      0x106 ..\dependencies\rodos\build\librodos.a(hw_specific.cpp.obj)
 *fill*         0x08010b6e        0x2 
 .rodata        0x08010b70       0xae ..\dependencies\rodos\build\librodos.a(syscalls.cpp.obj)
 *fill*         0x08010c1e        0x2 
 .rodata        0x08010c20      0x204 ..\dependencies\rodos\build\librodos.a(thread_on_hw.cpp.obj)
                0x08010df4                vtable for RODOS::IdleThread
                0x08010e0c                vtable for RODOS::Thread
 *fill*         0x08010e24        0x4 
 .rodata        0x08010e28      0x276 ..\dependencies\rodos\build\librodos.a(main.cpp.obj)
 *fill*         0x0801109e        0x2 
 .rodata        0x080110a0       0x17 ..\dependencies\rodos\build\librodos.a(main_usermain.cpp.obj)
 *fill*         0x080110b7        0x1 
 .rodata        0x080110b8       0x7c ..\dependencies\rodos\build\librodos.a(timeevent.cpp.obj)
                0x0801111c                vtable for RODOS::TimeEvent
 *fill*         0x08011134        0x4 
 .rodata        0x08011138      0x1ca ..\dependencies\rodos\build\librodos.a(topic.cpp.obj)
 *fill*         0x08011302        0x6 
 .rodata        0x08011308      0x230 ..\dependencies\rodos\build\librodos.a(hal_uart.cpp.obj)
                0x08011498                vtable for RODOS::ReceiveTrigger
                0x080114b0                vtable for RODOS::HAL_UART
 .rodata        0x08011538       0x48 ..\dependencies\rodos\build\librodos.a(application.cpp.obj)
                0x08011560                vtable for RODOS::Application
 *(.rodata*)
 .rodata._ZTV6LedPwm
                0x08011580       0x18 build/hello_motor.o
                0x08011580                vtable for LedPwm
 .rodata._ZTVN5RODOS7HAL_PWME
                0x08011598       0x28 build/hello_motor.o
                0x08011598                vtable for RODOS::HAL_PWM
 .rodata._ZTVN5RODOS12StaticThreadILj2000EEE
                0x080115c0       0x18 build/hello_motor.o
                0x080115c0                vtable for RODOS::StaticThread<2000u>
 .rodata._ZTVN5RODOS9SNYprintfE
                0x080115d8       0x14 ..\dependencies\rodos\build\librodos.a(rodos-debug.cpp.obj)
                0x080115d8                vtable for RODOS::SNYprintf
 .rodata._ZTVN5RODOS7YprintfE
                0x080115ec       0x14 ..\dependencies\rodos\build\librodos.a(rodos-debug.cpp.obj)
                0x080115ec                vtable for RODOS::Yprintf
 .rodata._ZTVN5RODOS8YsprintfE
                0x08011600       0x14 ..\dependencies\rodos\build\librodos.a(yprintf.cpp.obj)
                0x08011600                vtable for RODOS::Ysprintf
 .rodata._ZTVN5RODOS5TopicIPvEE
                0x08011614       0x10 ..\dependencies\rodos\build\librodos.a(topic.cpp.obj)
                0x08011614                vtable for RODOS::Topic<void*>
 .rodata._ZTVN5RODOS5TopicINS_14NetworkMessageEEE
                0x08011624       0x10 ..\dependencies\rodos\build\librodos.a(topic.cpp.obj)
                0x08011624                vtable for RODOS::Topic<RODOS::NetworkMessage>
 .rodata._ZTVN5RODOS5TopicINS_13GenericMsgRefEEE
                0x08011634       0x10 ..\dependencies\rodos\build\librodos.a(topic.cpp.obj)
                0x08011634                vtable for RODOS::Topic<RODOS::GenericMsgRef>
 .rodata._ZTVN5RODOS14TopicInterfaceE
                0x08011644       0x10 ..\dependencies\rodos\build\librodos.a(topic.cpp.obj)
                0x08011644                vtable for RODOS::TopicInterface
 .rodata._ZTVN5RODOS9BlockFifoIhLj256EEE
                0x08011654       0x14 ..\dependencies\rodos\build\librodos.a(hal_uart.cpp.obj)
                0x08011654                vtable for RODOS::BlockFifo<unsigned char, 256u>
 .rodata._ZTVN5RODOS4FifoIhLj256EEE
                0x08011668       0x14 ..\dependencies\rodos\build\librodos.a(hal_uart.cpp.obj)
                0x08011668                vtable for RODOS::Fifo<unsigned char, 256u>
 .rodata._ZTVN5RODOS6PutterE
                0x0801167c       0x14 ..\dependencies\rodos\build\librodos.a(hal_uart.cpp.obj)
                0x0801167c                vtable for RODOS::Putter
 *(.glue_7)
 .glue_7        0x08011690        0x0 linker stubs
 *(.glue_7t)
 .glue_7t       0x08011690        0x0 linker stubs
 *(.eh_frame)
 *(.init)
 *(.fini)
                0x08011690                . = ALIGN (0x4)
                0x08011690                _etext = .

.vfp11_veneer   0x08011690        0x0
 .vfp11_veneer  0x08011690        0x0 linker stubs

.v4_bx          0x08011690        0x0
 .v4_bx         0x08011690        0x0 linker stubs

.iplt           0x08011690        0x0
 .iplt          0x08011690        0x0 build/hello_motor.o

.ARM.extab
 *(.ARM.extab* .gnu.linkonce.armextab.*)

.ARM            0x08011690        0x8
                0x08011690                __exidx_start = .
 *(.ARM.exidx*)
 .ARM.exidx     0x08011690        0x8 c:/users/dell/desktop/python programs/floatsat/floatsat/codes/obc/dependencies/add2path/gcc-arm-none-eabi/bin/../lib/gcc/arm-none-eabi/8.3.1/thumb/v7e-m/nofp\libgcc.a(_udivmoddi4.o)
                0x08011698                __exidx_end = .

.rel.dyn        0x08011698        0x0
 .rel.iplt      0x08011698        0x0 build/hello_motor.o

.preinit_array  0x08011698        0x0
                [!provide]                PROVIDE (__preinit_array_start = .)
 *(.preinit_array*)
                [!provide]                PROVIDE (__preinit_array_end = .)

.init_array     0x08011698       0x24
                0x08011698                PROVIDE (__init_array_start = .)
 *(SORT_BY_NAME(.init_array.*))
 *(.init_array*)
 .init_array    0x08011698        0x4 build/hello_motor.o
 .init_array    0x0801169c        0x4 ..\dependencies\rodos\build\librodos.a(globalobjects.cpp.obj)
 .init_array    0x080116a0        0x4 ..\dependencies\rodos\build\librodos.a(rodos-debug.cpp.obj)
 .init_array    0x080116a4        0x4 ..\dependencies\rodos\build\librodos.a(timemodel.cpp.obj)
 .init_array    0x080116a8        0x4 ..\dependencies\rodos\build\librodos.a(hw_specific.cpp.obj)
 .init_array    0x080116ac        0x4 ..\dependencies\rodos\build\librodos.a(scheduler.cpp.obj)
 .init_array    0x080116b0        0x4 ..\dependencies\rodos\build\librodos.a(thread_on_hw.cpp.obj)
 .init_array    0x080116b4        0x4 ..\dependencies\rodos\build\librodos.a(topic.cpp.obj)
 .init_array    0x080116b8        0x4 ..\dependencies\rodos\build\librodos.a(hal_uart.cpp.obj)
                0x080116bc                PROVIDE (__init_array_end = .)

.fini_array     0x080116bc        0x0
                [!provide]                PROVIDE (__fini_array_start = .)
 *(.fini_array*)
 *(SORT_BY_NAME(.fini_array.*))
                [!provide]                PROVIDE (__fini_array_end = .)
                0x080116bc                _sidata = .

.data           0x20000000       0x5c load address 0x080116bc
                0x20000000                . = ALIGN (0x4)
                0x20000000                _sdata = .
 *(.data)
 .data          0x20000000        0x4 ..\dependencies\rodos\build\librodos.a(globalobjects.cpp.obj)
                0x20000000                RODOS::rodosErrorMsg
 .data          0x20000004        0x1 ..\dependencies\rodos\build\librodos.a(rodos-debug.cpp.obj)
                0x20000004                RODOS::printErrorReports
 *fill*         0x20000005        0x3 
 .data          0x20000008        0x8 ..\dependencies\rodos\build\librodos.a(hw_timer.cpp.obj)
                0x20000008                RODOS::Timer::microsecondsInterval
 .data          0x20000010       0x14 ..\dependencies\rodos\build\librodos.a(system_stm32f4xx.c.obj)
                0x20000010                SystemCoreClock
                0x20000014                AHBPrescTable
 .data          0x20000024        0x1 ..\dependencies\rodos\build\librodos.a(scheduler.cpp.obj)
                0x20000024                RODOS::isSchedulingEnabled
 *fill*         0x20000025        0x3 
 .data          0x20000028        0x4 ..\dependencies\rodos\build\librodos.a(thread_on_hw.cpp.obj)
                0x20000028                RODOS::idlethreadP
 .data          0x2000002c       0x10 ..\dependencies\rodos\build\librodos.a(stm32f4xx_rcc.c.obj)
 .data          0x2000003c        0x4 ..\dependencies\rodos\build\librodos.a(globaldata.cpp.obj)
                0x2000003c                RODOS::myNodeNr
 .data          0x20000040        0x4 ..\dependencies\rodos\build\librodos.a(printfverbosity.cpp.obj)
                0x20000040                printfMask
 .data          0x20000044       0x18 ..\dependencies\rodos\build\librodos.a(hal_uart.cpp.obj)
                0x20000044                RODOS::UART_DMA_TxStreams
                0x20000050                RODOS::UART_DMA_RxStreams
 *(.data*)
                0x2000005c                . = ALIGN (0x4)
                0x2000005c                _edata = .

.igot.plt       0x2000005c        0x0 load address 0x08011718
 .igot.plt      0x2000005c        0x0 build/hello_motor.o
                0x2000005c                . = ALIGN (0x4)

.bss_ccram      0x10000000        0x0
                0x10000000                _sbss_ccram = .
                0x10000000                __bss_start___ccram = _sbss_ccram
 *(.bss_ccram)
                0x10000000                . = ALIGN (0x4)
                0x10000000                _ebss_ccram = .
                0x10000000                __bss_end___ccram = _ebss_ccram
                0x10000000                . = ALIGN (0x4)

.bss            0x20000060     0xcd24 load address 0x08011720
                0x20000060                _sbss = .
                0x20000060                __bss_start__ = _sbss
 *(.bss)
 .bss           0x20000060      0x170 ..\dependencies\rodos\build\librodos.a(globalobjects.cpp.obj)
                0x20000060                RODOS::timeAtStartup
                0x20000068                RODOS::Thread::currentThread
                0x2000006c                RODOS::Thread::threadList
                0x20000070                RODOS::TimeEvent::timeEventList
                0x20000074                RODOS::Initiator::initiatorList
                0x20000078                RODOS::Subscriber::subscriberList
                0x2000007c                RODOS::rodosErrorCounter
                0x20000080                RODOS::errorLog
 .bss           0x200001d0        0x4 ..\dependencies\rodos\build\librodos.a(listelement.cpp.obj)
                0x200001d0                RODOS::ListElement::listElementCounter
 *fill*         0x200001d4        0x4 
 .bss           0x200001d8     0xa018 ..\dependencies\rodos\build\librodos.a(misc-rodos-funcs.cpp.obj)
                0x200001d8                RODOS::xmallocBuf
 .bss           0x2000a1f0       0x10 ..\dependencies\rodos\build\librodos.a(rodos-debug.cpp.obj)
                0x2000a1f0                RODOS::printfProtector
 .bss           0x2000a200        0x1 ..\dependencies\rodos\build\librodos.a(thread.cpp.obj)
                0x2000a200                RODOS::schedulerRunning
 *fill*         0x2000a201        0x7 
 .bss           0x2000a208       0x20 ..\dependencies\rodos\build\librodos.a(timemodel.cpp.obj)
                0x2000a208                RODOS::sysTime
 .bss           0x2000a228       0x44 ..\dependencies\rodos\build\librodos.a(hal_gpio.cpp.obj)
                0x2000a22c                RODOS::extInterruptLines
 .bss           0x2000a26c        0x4 ..\dependencies\rodos\build\librodos.a(hal_pwm.cpp.obj)